Component: Arm Compiler for Embedded 6.19 Tool: armlink [5e73cb00]

==============================================================================

Section Cross References

    savesimba.o(.ARM.exidx.text.Delay100ms) refers to savesimba.o(.text.Delay100ms) for [Anonymous Symbol]
    savesimba.o(.text.main) refers to startup.o(.text) for DisableInterrupts
    savesimba.o(.text.main) refers to texas.o(.text.TExaS_Init) for TExaS_Init
    savesimba.o(.text.main) refers to buttons.o(.text.Buttons_Init) for Buttons_Init
    savesimba.o(.text.main) refers to leftjoystick.o(.text.LeftJoystick_Init) for LeftJoystick_Init
    savesimba.o(.text.main) refers to portinits.o(.text.PortB_Init) for PortB_Init
    savesimba.o(.text.main) refers to st7735.o(.text.ST7735_InitR) for ST7735_InitR
    savesimba.o(.text.main) refers to wave.o(.text.Wave_Init) for Wave_Init
    savesimba.o(.text.main) refers to timer0.o(.text.Song_Init) for Song_Init
    savesimba.o(.text.main) refers to timer1.o(.text.Timer1_Init) for Timer1_Init
    savesimba.o(.text.main) refers to random.o(.text) for Random_Init
    savesimba.o(.text.main) refers to gameengine.o(.text.mainEngine) for mainEngine
    savesimba.o(.ARM.exidx.text.main) refers to savesimba.o(.text.main) for [Anonymous Symbol]
    gameengine.o(.text.showTitleScreen) refers to st7735.o(.text.ST7735_SetRotation) for ST7735_SetRotation
    gameengine.o(.text.showTitleScreen) refers to gameengine.o(.rodata.TitleScreen) for TitleScreen
    gameengine.o(.text.showTitleScreen) refers to st7735.o(.text.ST7735_DrawBitmap) for ST7735_DrawBitmap
    gameengine.o(.text.showTitleScreen) refers to gameengine.o(.rodata.TitleCredits) for TitleCredits
    gameengine.o(.text.showTitleScreen) refers to gameengine.o(.rodata.TitleText) for TitleText
    gameengine.o(.text.showTitleScreen) refers to gameengine.o(.rodata.TitleSimba) for TitleSimba
    gameengine.o(.ARM.exidx.text.showTitleScreen) refers to gameengine.o(.text.showTitleScreen) for [Anonymous Symbol]
    gameengine.o(.text.languageSelect) refers to st7735.o(.text.ST7735_SetRotation) for ST7735_SetRotation
    gameengine.o(.text.languageSelect) refers to gameengine.o(.rodata.TitleScreen) for TitleScreen
    gameengine.o(.text.languageSelect) refers to st7735.o(.text.ST7735_DrawBitmap) for ST7735_DrawBitmap
    gameengine.o(.text.languageSelect) refers to gameengine.o(.rodata.TitleText) for TitleText
    gameengine.o(.text.languageSelect) refers to gameengine.o(.rodata.TitleSimba) for TitleSimba
    gameengine.o(.text.languageSelect) refers to gameengine.o(.rodata.str1.1) for .L.str
    gameengine.o(.text.languageSelect) refers to st7735.o(.text.ST7735_DrawStringBG) for ST7735_DrawStringBG
    gameengine.o(.text.languageSelect) refers to gameengine.o(.bss.language) for language
    gameengine.o(.text.languageSelect) refers to timer1.o(.text.delay100ms) for delay100ms
    gameengine.o(.ARM.exidx.text.languageSelect) refers to gameengine.o(.text.languageSelect) for [Anonymous Symbol]
    gameengine.o(.text.mazeInit) refers to st7735.o(.text.ST7735_SetRotation) for ST7735_SetRotation
    gameengine.o(.text.mazeInit) refers to gameengine.o(.rodata.JungleMaze) for JungleMaze
    gameengine.o(.text.mazeInit) refers to st7735.o(.text.ST7735_DrawBitmap) for ST7735_DrawBitmap
    gameengine.o(.text.mazeInit) refers to gameengine.o(.bss.Simba) for Simba
    gameengine.o(.text.mazeInit) refers to gameengine.o(.bss.Hyena1) for Hyena1
    gameengine.o(.text.mazeInit) refers to gameengine.o(.bss.Hyena2) for Hyena2
    gameengine.o(.text.mazeInit) refers to gameengine.o(.bss.Hyena3) for Hyena3
    gameengine.o(.text.mazeInit) refers to gameengine.o(.bss.Scar) for Scar
    gameengine.o(.text.mazeInit) refers to gameengine.o(.bss.Friend1) for Friend1
    gameengine.o(.text.mazeInit) refers to gameengine.o(.bss.Friend2) for Friend2
    gameengine.o(.text.mazeInit) refers to gameengine.o(.bss.Friend3) for Friend3
    gameengine.o(.text.mazeInit) refers to gameengine.o(.bss.Home) for Home
    gameengine.o(.text.mazeInit) refers to gameengine.o(.rodata.SpriteSimbaD) for SpriteSimbaD
    gameengine.o(.text.mazeInit) refers to gameengine.o(.rodata.SpriteHyenaU) for SpriteHyenaU
    gameengine.o(.text.mazeInit) refers to gameengine.o(.rodata.SpriteHyenaL) for SpriteHyenaL
    gameengine.o(.text.mazeInit) refers to gameengine.o(.rodata.SpriteHyenaD) for SpriteHyenaD
    gameengine.o(.text.mazeInit) refers to gameengine.o(.rodata.SpriteScarL) for SpriteScarL
    gameengine.o(.text.mazeInit) refers to gameengine.o(.rodata.SpriteFriend) for SpriteFriend
    gameengine.o(.text.mazeInit) refers to gameengine.o(.rodata.SpriteHome) for SpriteHome
    gameengine.o(.text.mazeInit) refers to gameengine.o(.bss.orient) for orient
    gameengine.o(.text.mazeInit) refers to gameengine.o(.bss.lxNew) for lxNew
    gameengine.o(.text.mazeInit) refers to gameengine.o(.bss.rxNew) for rxNew
    gameengine.o(.text.mazeInit) refers to gameengine.o(.bss.uyNew) for uyNew
[...]
    Removing st7735.o(.ARM.exidx.text.ST7735_OutString), (8 bytes).
    Removing st7735.o(.text.ST7735_SetTextColor), (24 bytes).
    Removing st7735.o(.ARM.exidx.text.ST7735_SetTextColor), (8 bytes).
    Removing st7735.o(.text.fputc), (22 bytes).
    Removing st7735.o(.ARM.exidx.text.fputc), (8 bytes).
    Removing st7735.o(.text.fgetc), (10 bytes).
    Removing st7735.o(.ARM.exidx.text.fgetc), (8 bytes).
    Removing st7735.o(.text.ferror), (12 bytes).
    Removing st7735.o(.ARM.exidx.text.ferror), (8 bytes).
    Removing st7735.o(.text.Output_Init), (16 bytes).
    Removing st7735.o(.ARM.exidx.text.Output_Init), (8 bytes).
    Removing st7735.o(.text.Output_Clear), (10 bytes).
    Removing st7735.o(.ARM.exidx.text.Output_Clear), (8 bytes).
    Removing st7735.o(.text.Output_Off), (8 bytes).
    Removing st7735.o(.ARM.exidx.text.Output_Off), (8 bytes).
    Removing st7735.o(.text.Output_On), (8 bytes).
    Removing st7735.o(.ARM.exidx.text.Output_On), (8 bytes).
    Removing st7735.o(.text.Output_Color), (18 bytes).
    Removing st7735.o(.ARM.exidx.text.Output_Color), (8 bytes).
    Removing st7735.o(.rodata.Bcmd), (103 bytes).
    Removing st7735.o(.rodata.smallCircle), (36 bytes).
    Removing st7735.o(.rodata.circle), (60 bytes).
    Removing st7735.o(.bss.Ymax), (4 bytes).
    Removing st7735.o(.bss.Ymin), (4 bytes).
    Removing st7735.o(.bss.Yrange), (4 bytes).
    Removing st7735.o(.bss.X), (4 bytes).
    Removing st7735.o(.bss.lastj), (4 bytes).
    Removing st7735.o(.rodata.dBfs), (512 bytes).
    Removing st7735.o(.rodata.str1.1), (22 bytes).
    Removing st7735.o(.bss.Messageindex), (4 bytes).
    Removing wave.o(.text), (0 bytes).
    Removing wave.o(.ARM.exidx.text.Timer2A_Init), (8 bytes).
    Removing wave.o(.ARM.exidx.text.Timer2A_Start), (8 bytes).
    Removing wave.o(.ARM.exidx.text.Wave_Stop), (8 bytes).
    Removing wave.o(.ARM.exidx.text.Wave_Init), (8 bytes).
    Removing wave.o(.ARM.exidx.text.Timer2A_Handler), (8 bytes).
    Removing wave.o(.ARM.exidx.text.Wave_Start), (8 bytes).
    Removing wave.o(.ARM.exidx.text.Wave_Fanfare), (8 bytes).
    Removing wave.o(.ARM.exidx.text.Wave_Roar), (8 bytes).
    Removing wave.o(.ARM.exidx.text.Wave_Shield), (8 bytes).
    Removing wave.o(.ARM.exidx.text.Wave_Sword), (8 bytes).
    Removing buttons.o(.text), (0 bytes).
    Removing buttons.o(.ARM.exidx.text.Buttons_Init), (8 bytes).
    Removing buttons.o(.ARM.exidx.text.GPIOPortE_Handler), (8 bytes).
    Removing buttons.o(.bss.GPIOPortE_Handler.last0), (4 bytes).

185 unused section(s) (total 6509 bytes) removed from the image.

==============================================================================

Image Symbol Table

    Local Symbols

    Symbol Name                              Value     Ov Type        Size  Object(Section)

    ../clib/angel/boardlib.s                 0x00000000   Number         0  boardinit1.o ABSOLUTE
    ../clib/angel/boardlib.s                 0x00000000   Number         0  boardinit2.o ABSOLUTE
    ../clib/angel/boardlib.s                 0x00000000   Number         0  boardinit3.o ABSOLUTE
    ../clib/angel/boardlib.s                 0x00000000   Number         0  boardshut.o ABSOLUTE
    ../clib/angel/handlers.s                 0x00000000   Number         0  __scatter_copy.o ABSOLUTE
    ../clib/angel/handlers.s                 0x00000000   Number         0  __scatter_zi.o ABSOLUTE
    ../clib/angel/kernel.s                   0x00000000   Number         0  __rtentry.o ABSOLUTE
    ../clib/angel/kernel.s                   0x00000000   Number         0  __rtentry2.o ABSOLUTE
    ../clib/angel/kernel.s                   0x00000000   Number         0  __rtentry4.o ABSOLUTE
    ../clib/angel/kernel.s                   0x00000000   Number         0  rtexit.o ABSOLUTE
    ../clib/angel/kernel.s                   0x00000000   Number         0  rtexit2.o ABSOLUTE
    ../clib/angel/rt.s                       0x00000000   Number         0  rt_raise.o ABSOLUTE
    ../clib/angel/scatter.s                  0x00000000   Number         0  __scatter.o ABSOLUTE
    ../clib/angel/startup.s                  0x00000000   Number         0  __main.o ABSOLUTE
    ../clib/angel/sys.s                      0x00000000   Number         0  sys_stackheap_outer.o ABSOLUTE
    ../clib/angel/sys.s                      0x00000000   Number         0  libspace.o ABSOLUTE
    ../clib/angel/sys.s                      0x00000000   Number         0  use_no_semi.o ABSOLUTE
    ../clib/angel/sys.s                      0x00000000   Number         0  indicate_semi.o ABSOLUTE
    ../clib/angel/sysapp.c                   0x00000000   Number         0  sys_exit.o ABSOLUTE
    ../clib/angel/sysapp.c                   0x00000000   Number         0  sys_exit_hlt.o ABSOLUTE
    ../clib/angel/sysapp.c                   0x00000000   Number         0  sys_command.o ABSOLUTE
    ../clib/angel/sysapp.c                   0x00000000   Number         0  sys_command_hlt.o ABSOLUTE
    ../clib/angel/sysapp.c                   0x00000000   Number         0  sys_wrch.o ABSOLUTE
    ../clib/angel/sysapp.c                   0x00000000   Number         0  sys_wrch_hlt.o ABSOLUTE
    ../clib/armsys.c                         0x00000000   Number         0  argv_veneer.o ABSOLUTE
    ../clib/armsys.c                         0x00000000   Number         0  argv_veneer.o ABSOLUTE
    ../clib/armsys.c                         0x00000000   Number         0  _get_argv_nomalloc.o ABSOLUTE
    ../clib/armsys.c                         0x00000000   Number         0  no_argv.o ABSOLUTE
    ../clib/heapalloc.c                      0x00000000   Number         0  hrguard.o ABSOLUTE
    ../clib/heapaux.c                        0x00000000   Number         0  heapauxi.o ABSOLUTE
    ../clib/libinit.s                        0x00000000   Number         0  libinit.o ABSOLUTE
    ../clib/libinit.s                        0x00000000   Number         0  libinit2.o ABSOLUTE
    ../clib/libinit.s                        0x00000000   Number         0  libshutdown.o ABSOLUTE
    ../clib/libinit.s                        0x00000000   Number         0  libshutdown2.o ABSOLUTE
    ../clib/signal.c                         0x00000000   Number         0  defsig_rtmem_outer.o ABSOLUTE
    ../clib/signal.c                         0x00000000   Number         0  defsig_rtmem_formal.o ABSOLUTE
    ../clib/signal.c                         0x00000000   Number         0  defsig_exit.o ABSOLUTE
    ../clib/signal.c                         0x00000000   Number         0  defsig_rtmem_inner.o ABSOLUTE
    ../clib/signal.c                         0x00000000   Number         0  __raise.o ABSOLUTE
    ../clib/signal.c                         0x00000000   Number         0  defsig_general.o ABSOLUTE
    ../clib/signal.c                         0x00000000   Number         0  defsig_abrt_inner.o ABSOLUTE
    ../clib/signal.c                         0x00000000   Number         0  defsig_fpe_inner.o ABSOLUTE
    ../clib/signal.c                         0x00000000   Number         0  defsig_rtred_inner.o ABSOLUTE
    ../clib/signal.c                         0x00000000   Number         0  defsig_stak_inner.o ABSOLUTE
    ../clib/signal.c                         0x00000000   Number         0  defsig_pvfn_inner.o ABSOLUTE
    ../clib/signal.c                         0x00000000   Number         0  defsig_cppl_inner.o ABSOLUTE
    ../clib/signal.c                         0x00000000   Number         0  defsig_segv_inner.o ABSOLUTE
    ../clib/signal.c                         0x00000000   Number         0  defsig_other.o ABSOLUTE
    ../clib/signal.s                         0x00000000   Number         0  defsig.o ABSOLUTE
    ../clib/stdlib.c                         0x00000000   Number         0  exit.o ABSOLUTE
    ../fplib/fpinit.s                        0x00000000   Number         0  fpinit.o ABSOLUTE
    ../fplib/fpinit_empty.s                  0x00000000   Number         0  fpinit_empty.o ABSOLUTE
    ..\inc\BusyWait.s                        0x00000000   Number         0  busywait.o ABSOLUTE
    ..\inc\StringConversion.s                0x00000000   Number         0  stringconversion.o ABSOLUTE
    ADC.c                                    0x00000000   Number         0  adc.o ABSOLUTE
    Buttons.c                                0x00000000   Number         0  buttons.o ABSOLUTE
    DAC.c                                    0x00000000   Number         0  dac.o ABSOLUTE
    GameEngine.c                             0x00000000   Number         0  gameengine.o ABSOLUTE
    LeftJoystick.c                           0x00000000   Number         0  leftjoystick.o ABSOLUTE
    PLL.c                                    0x00000000   Number         0  pll.o ABSOLUTE
    PortInits.c                              0x00000000   Number         0  portinits.o ABSOLUTE
    ST7735.c                                 0x00000000   Number         0  st7735.o ABSOLUTE
    SaveSimba.c                              0x00000000   Number         0  savesimba.o ABSOLUTE
    TExaS.c                                  0x00000000   Number         0  texas.o ABSOLUTE
    Timer0.c                                 0x00000000   Number         0  timer0.o ABSOLUTE
    Timer1.c                                 0x00000000   Number         0  timer1.o ABSOLUTE
    dc.s                                     0x00000000   Number         0  dc.o ABSOLUTE
    random.s                                 0x00000000   Number         0  random.o ABSOLUTE
    startup.s                                0x00000000   Number         0  startup.o ABSOLUTE
    wave.c                                   0x00000000   Number         0  wave.o ABSOLUTE
    RESET                                    0x00000000   Section      644  startup.o(RESET)
    !!!main                                  0x00000284   Section        8  __main.o(!!!main)
    !!!scatter                               0x0000028c   Section       52  __scatter.o(!!!scatter)
    !!handler_copy                           0x000002c0   Section       26  __scatter_copy.o(!!handler_copy)
    !!handler_zi                             0x000002dc   Section       28  __scatter_zi.o(!!handler_zi)
    .ARM.Collect$$libinit$$00000000          0x000002f8   Section        2  libinit.o(.ARM.Collect$$libinit$$00000000)
    .ARM.Collect$$libinit$$00000002          0x000002fa   Section        0  libinit2.o(.ARM.Collect$$libinit$$00000002)
    .ARM.Collect$$libinit$$00000004          0x000002fa   Section        0  libinit2.o(.ARM.Collect$$libinit$$00000004)
    .ARM.Collect$$libinit$$00000006          0x000002fa   Section        0  libinit2.o(.ARM.Collect$$libinit$$00000006)
    .ARM.Collect$$libinit$$0000000C          0x000002fa   Section        0  libinit2.o(.ARM.Collect$$libinit$$0000000C)
    .ARM.Collect$$libinit$$0000000E          0x000002fa   Section        0  libinit2.o(.ARM.Collect$$libinit$$0000000E)
    .ARM.Collect$$libinit$$00000010          0x000002fa   Section        0  libinit2.o(.ARM.Collect$$libinit$$00000010)
    .ARM.Collect$$libinit$$00000013          0x000002fa   Section        0  libinit2.o(.ARM.Collect$$libinit$$00000013)
    .ARM.Collect$$libinit$$00000015          0x000002fa   Section        0  libinit2.o(.ARM.Collect$$libinit$$00000015)
    .ARM.Collect$$libinit$$00000017          0x000002fa   Section        0  libinit2.o(.ARM.Collect$$libinit$$00000017)
    .ARM.Collect$$libinit$$00000019          0x000002fa   Section        0  libinit2.o(.ARM.Collect$$libinit$$00000019)
    .ARM.Collect$$libinit$$0000001B          0x000002fa   Section        0  libinit2.o(.ARM.Collect$$libinit$$0000001B)
    .ARM.Collect$$libinit$$0000001D          0x000002fa   Section        0  libinit2.o(.ARM.Collect$$libinit$$0000001D)
    .ARM.Collect$$libinit$$0000001F          0x000002fa   Section        0  libinit2.o(.ARM.Collect$$libinit$$0000001F)
    .ARM.Collect$$libinit$$00000021          0x000002fa   Section        0  libinit2.o(.ARM.Collect$$libinit$$00000021)
    .ARM.Collect$$libinit$$00000023          0x000002fa   Section        0  libinit2.o(.ARM.Collect$$libinit$$00000023)
    .ARM.Collect$$libinit$$00000025          0x000002fa   Section        0  libinit2.o(.ARM.Collect$$libinit$$00000025)
    .ARM.Collect$$libinit$$00000027          0x000002fa   Section        0  libinit2.o(.ARM.Collect$$libinit$$00000027)
    .ARM.Collect$$libinit$$0000002E          0x000002fa   Section        0  libinit2.o(.ARM.Collect$$libinit$$0000002E)
    .ARM.Collect$$libinit$$00000030          0x000002fa   Section        0  libinit2.o(.ARM.Collect$$libinit$$00000030)
    .ARM.Collect$$libinit$$00000032          0x000002fa   Section        0  libinit2.o(.ARM.Collect$$libinit$$00000032)
    .ARM.Collect$$libinit$$00000034          0x000002fa   Section        0  libinit2.o(.ARM.Collect$$libinit$$00000034)
    .ARM.Collect$$libinit$$00000035          0x000002fa   Section        2  libinit2.o(.ARM.Collect$$libinit$$00000035)
    .ARM.Collect$$libshutdown$$00000000      0x000002fc   Section        2  libshutdown.o(.ARM.Collect$$libshutdown$$00000000)
    .ARM.Collect$$libshutdown$$00000002      0x000002fe   Section        0  libshutdown2.o(.ARM.Collect$$libshutdown$$00000002)
    .ARM.Collect$$libshutdown$$00000004      0x000002fe   Section        0  libshutdown2.o(.ARM.Collect$$libshutdown$$00000004)
    .ARM.Collect$$libshutdown$$00000007      0x000002fe   Section        0  libshutdown2.o(.ARM.Collect$$libshutdown$$00000007)
    .ARM.Collect$$libshutdown$$0000000A      0x000002fe   Section        0  libshutdown2.o(.ARM.Collect$$libshutdown$$0000000A)
    .ARM.Collect$$libshutdown$$0000000C      0x000002fe   Section        0  libshutdown2.o(.ARM.Collect$$libshutdown$$0000000C)
    .ARM.Collect$$libshutdown$$0000000F      0x000002fe   Section        0  libshutdown2.o(.ARM.Collect$$libshutdown$$0000000F)
    .ARM.Collect$$libshutdown$$00000010      0x000002fe   Section        2  libshutdown2.o(.ARM.Collect$$libshutdown$$00000010)
    .ARM.Collect$$rtentry$$00000000          0x00000300   Section        0  __rtentry.o(.ARM.Collect$$rtentry$$00000000)
    .ARM.Collect$$rtentry$$00000002          0x00000300   Section        0  __rtentry2.o(.ARM.Collect$$rtentry$$00000002)
    .ARM.Collect$$rtentry$$00000004          0x00000300   Section        6  __rtentry4.o(.ARM.Collect$$rtentry$$00000004)
    .ARM.Collect$$rtentry$$00000009          0x00000306   Section        0  __rtentry2.o(.ARM.Collect$$rtentry$$00000009)
    .ARM.Collect$$rtentry$$0000000A          0x00000306   Section        4  __rtentry2.o(.ARM.Collect$$rtentry$$0000000A)
    .ARM.Collect$$rtentry$$0000000C          0x0000030a   Section        0  __rtentry2.o(.ARM.Collect$$rtentry$$0000000C)
    .ARM.Collect$$rtentry$$0000000D          0x0000030a   Section        8  __rtentry2.o(.ARM.Collect$$rtentry$$0000000D)
    .ARM.Collect$$rtexit$$00000000           0x00000312   Section        2  rtexit.o(.ARM.Collect$$rtexit$$00000000)
    .ARM.Collect$$rtexit$$00000002           0x00000314   Section        0  rtexit2.o(.ARM.Collect$$rtexit$$00000002)
    .ARM.Collect$$rtexit$$00000003           0x00000314   Section        4  rtexit2.o(.ARM.Collect$$rtexit$$00000003)
    .ARM.Collect$$rtexit$$00000004           0x00000318   Section        6  rtexit2.o(.ARM.Collect$$rtexit$$00000004)
    .text                                    0x00000320   Section       48  startup.o(.text)
    .text                                    0x00000350   Section       60  random.o(.text)
    .text                                    0x0000038c   Section       72  busywait.o(.text)
    .text                                    0x000003d4   Section      428  stringconversion.o(.text)
    .text                                    0x00000580   Section        0  heapauxi.o(.text)
    .text                                    0x00000586   Section       74  sys_stackheap_outer.o(.text)
    .text                                    0x000005d0   Section        0  exit.o(.text)
    .text                                    0x000005e4   Section        8  libspace.o(.text)
    .text                                    0x000005ec   Section        0  sys_exit.o(.text)
    .text                                    0x000005f8   Section        2  use_no_semi.o(.text)
    .text                                    0x000005fa   Section        0  indicate_semi.o(.text)
    [Anonymous Symbol]                       0x000005fc   Section        0  texas.o(.text.ADC1_Init)
    [Anonymous Symbol]                       0x000006f8   Section        0  buttons.o(.text.Buttons_Init)
    [Anonymous Symbol]                       0x00000744   Section        0  dac.o(.text.DAC_Init)
    [Anonymous Symbol]                       0x00000798   Section        0  dac.o(.text.DAC_Out)
    [Anonymous Symbol]                       0x000007b8   Section        0  st7735.o(.text.Delay1ms)
    [Anonymous Symbol]                       0x000007e8   Section        0  buttons.o(.text.GPIOPortE_Handler)
    [Anonymous Symbol]                       0x000007ec   Section        0  leftjoystick.o(.text.LeftJoystick_In)
    [Anonymous Symbol]                       0x00000840   Section        0  leftjoystick.o(.text.LeftJoystick_Init)
    [Anonymous Symbol]                       0x00000944   Section        0  texas.o(.text.LogicAnalyzerA)
    [Anonymous Symbol]                       0x00000960   Section        0  texas.o(.text.LogicAnalyzerB)
    [Anonymous Symbol]                       0x0000097c   Section        0  texas.o(.text.LogicAnalyzerC)
    [Anonymous Symbol]                       0x00000998   Section        0  texas.o(.text.LogicAnalyzerE)
    [Anonymous Symbol]                       0x000009b4   Section        0  texas.o(.text.LogicAnalyzerF)
    [Anonymous Symbol]                       0x000009d0   Section        0  pll.o(.text.PLL_Init)
    [Anonymous Symbol]                       0x00000a5c   Section        0  texas.o(.text.PeriodicTask2_Init)
    [Anonymous Symbol]                       0x00000b44   Section        0  portinits.o(.text.PortB_Init)
    [Anonymous Symbol]                       0x00000b90   Section        0  st7735.o(.text.ST7735_DrawBitmap)
    [Anonymous Symbol]                       0x00000ddc   Section        0  st7735.o(.text.ST7735_DrawCharS)
    [Anonymous Symbol]                       0x00000f90   Section        0  st7735.o(.text.ST7735_DrawPixel)
    [Anonymous Symbol]                       0x00001000   Section        0  st7735.o(.text.ST7735_DrawStringBG)
    [Anonymous Symbol]                       0x000010a0   Section        0  st7735.o(.text.ST7735_FillRect)
    [Anonymous Symbol]                       0x000011e0   Section        0  st7735.o(.text.ST7735_FillScreen)
    [Anonymous Symbol]                       0x00001214   Section        0  st7735.o(.text.ST7735_InitR)
    [Anonymous Symbol]                       0x000012bc   Section        0  st7735.o(.text.ST7735_OutUDecBG)
    [Anonymous Symbol]                       0x0000136c   Section        0  st7735.o(.text.ST7735_SetCursor)
    [Anonymous Symbol]                       0x000013a4   Section        0  st7735.o(.text.ST7735_SetRotation)
    [Anonymous Symbol]                       0x000014c8   Section        0  texas.o(.text.Scope)
    [Anonymous Symbol]                       0x000014e0   Section        0  timer0.o(.text.Song_Battle)
    [Anonymous Symbol]                       0x000014f4   Section        0  timer0.o(.text.Song_Init)
    [Anonymous Symbol]                       0x0000150c   Section        0  timer0.o(.text.Song_Jungle)
    [Anonymous Symbol]                       0x00001520   Section        0  timer0.o(.text.Song_Start)
    [Anonymous Symbol]                       0x00001548   Section        0  timer0.o(.text.Song_Stop)
    [Anonymous Symbol]                       0x00001558   Section        0  texas.o(.text.TExaS_Init)
    [Anonymous Symbol]                       0x000016c0   Section        0  timer0.o(.text.Timer0A_Handler)
    [Anonymous Symbol]                       0x00001720   Section        0  timer0.o(.text.Timer0A_Start)
    [Anonymous Symbol]                       0x00001730   Section        0  timer0.o(.text.Timer0_Init)
    [Anonymous Symbol]                       0x000017b8   Section        0  timer1.o(.text.Timer1A_Handler)
    [Anonymous Symbol]                       0x000017d0   Section        0  timer1.o(.text.Timer1_Init)
    [Anonymous Symbol]                       0x00001868   Section        0  wave.o(.text.Timer2A_Handler)
    [Anonymous Symbol]                       0x000018d0   Section        0  wave.o(.text.Timer2A_Init)
    [Anonymous Symbol]                       0x00001958   Section        0  wave.o(.text.Timer2A_Start)
    [Anonymous Symbol]                       0x00001968   Section        0  texas.o(.text.Timer5A_Handler)
    [Anonymous Symbol]                       0x00001984   Section        0  texas.o(.text.UART0_Init)
    [Anonymous Symbol]                       0x00001a24   Section        0  wave.o(.text.Wave_Fanfare)
    [Anonymous Symbol]                       0x00001a38   Section        0  wave.o(.text.Wave_Init)
    [Anonymous Symbol]                       0x00001a50   Section        0  wave.o(.text.Wave_Roar)
    [Anonymous Symbol]                       0x00001a64   Section        0  wave.o(.text.Wave_Shield)
    [Anonymous Symbol]                       0x00001a78   Section        0  wave.o(.text.Wave_Start)
    [Anonymous Symbol]                       0x00001aa0   Section        0  wave.o(.text.Wave_Stop)
    [Anonymous Symbol]                       0x00001ab0   Section        0  wave.o(.text.Wave_Sword)
    [Anonymous Symbol]                       0x00001ac4   Section        0  gameengine.o(.text.checkOverlap)
    commandList                              0x00001b71   Thumb Code   170  st7735.o(.text.commandList)
    [Anonymous Symbol]                       0x00001b70   Section        0  st7735.o(.text.commandList)
    commonInit                               0x00001c1d   Thumb Code   418  st7735.o(.text.commonInit)
    [Anonymous Symbol]                       0x00001c1c   Section        0  st7735.o(.text.commonInit)
    [Anonymous Symbol]                       0x00001dc0   Section        0  timer1.o(.text.delay100ms)
    [Anonymous Symbol]                       0x00001e34   Section        0  gameengine.o(.text.gameOver)
    [Anonymous Symbol]                       0x00001f3c   Section        0  gameengine.o(.text.languageSelect)
    [Anonymous Symbol]                       0x000021f0   Section        0  savesimba.o(.text.main)
    [Anonymous Symbol]                       0x00002248   Section        0  gameengine.o(.text.mainEngine)
    [Anonymous Symbol]                       0x00002448   Section        0  gameengine.o(.text.mazeBattle)
    [Anonymous Symbol]                       0x000030d4   Section        0  gameengine.o(.text.mazeInit)
    [Anonymous Symbol]                       0x00003330   Section        0  gameengine.o(.text.playMaze)
    pushColor                                0x00004069   Thumb Code    28  st7735.o(.text.pushColor)
    [Anonymous Symbol]                       0x00004068   Section        0  st7735.o(.text.pushColor)
    setAddrWindow                            0x00004085   Thumb Code   148  st7735.o(.text.setAddrWindow)
    [Anonymous Symbol]                       0x00004084   Section        0  st7735.o(.text.setAddrWindow)
    [Anonymous Symbol]                       0x00004118   Section        0  gameengine.o(.text.showTitleScreen)
    [Anonymous Symbol]                       0x000041b8   Section        0  st7735.o(.text.writecommand)
    [Anonymous Symbol]                       0x000041e4   Section        0  st7735.o(.text.writedata)
    [Anonymous Symbol]                       0x00004210   Section        0  gameengine.o(.text.youWin)
    Font                                     0x000125b8   Data        1275  st7735.o(.rodata.Font)
    [Anonymous Symbol]                       0x000125b8   Section        0  st7735.o(.rodata.Font)
    Rcmd1                                    0x0001ec88   Data          59  st7735.o(.rodata.Rcmd1)
    [Anonymous Symbol]                       0x0001ec88   Section        0  st7735.o(.rodata.Rcmd1)
    Rcmd2green                               0x0001ecc3   Data          13  st7735.o(.rodata.Rcmd2green)
    [Anonymous Symbol]                       0x0001ecc3   Section        0  st7735.o(.rodata.Rcmd2green)
    Rcmd2red                                 0x0001ecd0   Data          13  st7735.o(.rodata.Rcmd2red)
    [Anonymous Symbol]                       0x0001ecd0   Section        0  st7735.o(.rodata.Rcmd2red)
    Rcmd3                                    0x0001ecdd   Data          43  st7735.o(.rodata.Rcmd3)
    [Anonymous Symbol]                       0x0001ecdd   Section        0  st7735.o(.rodata.Rcmd3)
    .L.str.12                                0x0003cfc3   Data           7  gameengine.o(.rodata.str1.1)
    [Anonymous Symbol]                       0x0003cfc3   Section        0  gameengine.o(.rodata.str1.1)
    .L.str.10                                0x0003cfca   Data           7  gameengine.o(.rodata.str1.1)
    .L.str.13                                0x0003cfd1   Data           6  gameengine.o(.rodata.str1.1)
    .L.str.6                                 0x0003cfd7   Data           6  gameengine.o(.rodata.str1.1)
    .L.str.3                                 0x0003cfdd   Data           7  gameengine.o(.rodata.str1.1)
    .L.str.2                                 0x0003cfe4   Data           7  gameengine.o(.rodata.str1.1)
    .L.str.5                                 0x0003cfeb   Data          10  gameengine.o(.rodata.str1.1)
    .L.str.9                                 0x0003cff5   Data           9  gameengine.o(.rodata.str1.1)
    .L.str.8                                 0x0003cffe   Data          12  gameengine.o(.rodata.str1.1)
    .L.str                                   0x0003d00a   Data          11  gameengine.o(.rodata.str1.1)
    .L.str.4                                 0x0003d015   Data          10  gameengine.o(.rodata.str1.1)
    .L.str.15                                0x0003d01f   Data          15  gameengine.o(.rodata.str1.1)
    .L.str.7                                 0x0003d02e   Data          12  gameengine.o(.rodata.str1.1)
    .L.str.11                                0x0003d03a   Data          11  gameengine.o(.rodata.str1.1)
    .L.str.1                                 0x0003d045   Data          12  gameengine.o(.rodata.str1.1)
    .L.str.14                                0x0003d051   Data          11  gameengine.o(.rodata.str1.1)
    _height                                  0x20000002   Data           2  st7735.o(.data._height)
    [Anonymous Symbol]                       0x20000002   Section        0  st7735.o(.data._height)
    _width                                   0x20000004   Data           2  st7735.o(.data._width)
    [Anonymous Symbol]                       0x20000004   Section        0  st7735.o(.data._width)
    M                                        0x20000008   Data           4  random.o(DATA)
    DATA                                     0x20000008   Section        4  random.o(DATA)
    .bss                                     0x20000010   Section       96  libspace.o(.bss)
    ColStart                                 0x20000070   Data           1  st7735.o(.bss.ColStart)
    [Anonymous Symbol]                       0x20000070   Section        0  st7735.o(.bss.ColStart)
    Rotation                                 0x200000ac   Data           1  st7735.o(.bss.Rotation)
    [Anonymous Symbol]                       0x200000ac   Section        0  st7735.o(.bss.Rotation)
    RowStart                                 0x200000ad   Data           1  st7735.o(.bss.RowStart)
    [Anonymous Symbol]                       0x200000ad   Section        0  st7735.o(.bss.RowStart)
    TabColor                                 0x200000c8   Data           1  st7735.o(.bss.TabColor)
    [Anonymous Symbol]                       0x200000c8   Section        0  st7735.o(.bss.TabColor)
    dyNew                                    0x200000d3   Data           1  gameengine.o(.bss.dyNew)
    [Anonymous Symbol]                       0x200000d3   Section        0  gameengine.o(.bss.dyNew)
    lxNew                                    0x200000db   Data           1  gameengine.o(.bss.lxNew)
    [Anonymous Symbol]                       0x200000db   Section        0  gameengine.o(.bss.lxNew)
    orient                                   0x200000dc   Data           1  gameengine.o(.bss.orient)
    [Anonymous Symbol]                       0x200000dc   Section        0  gameengine.o(.bss.orient)
    rxNew                                    0x200000dd   Data           1  gameengine.o(.bss.rxNew)
    [Anonymous Symbol]                       0x200000dd   Section        0  gameengine.o(.bss.rxNew)
    uyNew                                    0x200000de   Data           1  gameengine.o(.bss.uyNew)
    [Anonymous Symbol]                       0x200000de   Section        0  gameengine.o(.bss.uyNew)
    HeapMem                                  0x200000e0   Data           0  startup.o(HEAP)
    StackMem                                 0x200000e0   Data           0  startup.o(STACK)
    HEAP                                     0x200000e0   Section        0  startup.o(HEAP)
    STACK                                    0x200000e0   Section     4096  startup.o(STACK)

    Global Symbols

    Symbol Name                              Value     Ov Type        Size  Object(Section)

    BuildAttributes$$THM_ISAv4$E$P$D$K$B$S$7EM$PE$A:L22UL41UL21$X:L11$S22US41US21$IEEE1$IW$~IW$USESV6$~STKCKD$USESV7$~SHL$OSPACE$ROPI$EBA8$UX$STANDARDLIB$REQ8$PRES8$EABIv2 0x00000000   Number         0  anon$$obj.o ABSOLUTE
    __Vectors                                0x00000000   Data           0  startup.o(RESET)
    __fp_init_empty                          0x00000000   Number         0  fpinit_empty.o ABSOLUTE
    __ARM_exceptions_init                     - Undefined Weak Reference
    __alloca_initialize                       - Undefined Weak Reference
    __arm_preinit_                            - Undefined Weak Reference
    __arm_relocate_pie_                       - Undefined Weak Reference
    __cpp_initialize__aeabi_                  - Undefined Weak Reference
    __cxa_finalize                            - Undefined Weak Reference
    __rt_locale                               - Undefined Weak Reference
    __sigvec_lookup                           - Undefined Weak Reference
    _atexit_init                              - Undefined Weak Reference
    _call_atexit_fns                          - Undefined Weak Reference
    _clock_init                               - Undefined Weak Reference
    _fp_trap_init                             - Undefined Weak Reference
    _fp_trap_shutdown                         - Undefined Weak Reference
    _get_lc_collate                           - Undefined Weak Reference
    _get_lc_ctype                             - Undefined Weak Reference
    _get_lc_monetary                          - Undefined Weak Reference
    _get_lc_numeric                           - Undefined Weak Reference
    _get_lc_time                              - Undefined Weak Reference
    _getenv_init                              - Undefined Weak Reference
    _handle_redirection                       - Undefined Weak Reference
    _init_alloc                               - Undefined Weak Reference
    _init_user_alloc                          - Undefined Weak Reference
    _initio                                   - Undefined Weak Reference
    _rand_init                                - Undefined Weak Reference
    _signal_finish                            - Undefined Weak Reference
    _signal_init                              - Undefined Weak Reference
    _terminate_alloc                          - Undefined Weak Reference
    _terminate_user_alloc                     - Undefined Weak Reference
    _terminateio                              - Undefined Weak Reference
    Reset_Handler                            0x0000026d   Thumb Code     0  startup.o(RESET)
    NMI_Handler                              0x00000271   Thumb Code     2  startup.o(RESET)
    HardFault_Handler                        0x00000273   Thumb Code     2  startup.o(RESET)
    MemManage_Handler                        0x00000275   Thumb Code     2  startup.o(RESET)
    BusFault_Handler                         0x00000277   Thumb Code     2  startup.o(RESET)
    UsageFault_Handler                       0x00000279   Thumb Code     2  startup.o(RESET)
    SVC_Handler                              0x0000027b   Thumb Code     2  startup.o(RESET)
    DebugMon_Handler                         0x0000027d   Thumb Code     2  startup.o(RESET)
    PendSV_Handler                           0x0000027f   Thumb Code     2  startup.o(RESET)
    SysTick_Handler                          0x00000281   Thumb Code     2  startup.o(RESET)
    ADC0Seq0_Handler                         0x00000283   Thumb Code     0  startup.o(RESET)
    ADC0Seq1_Handler                         0x00000283   Thumb Code     0  startup.o(RESET)
    ADC0Seq2_Handler                         0x00000283   Thumb Code     0  startup.o(RESET)
    ADC0Seq3_Handler                         0x00000283   Thumb Code     0  startup.o(RESET)
    ADC1Seq0_Handler                         0x00000283   Thumb Code     0  startup.o(RESET)
    ADC1Seq1_Handler                         0x00000283   Thumb Code     0  startup.o(RESET)
    ADC1Seq2_Handler                         0x00000283   Thumb Code     0  startup.o(RESET)
    ADC1Seq3_Handler                         0x00000283   Thumb Code     0  startup.o(RESET)
    CAN0_Handler                             0x00000283   Thumb Code     0  startup.o(RESET)
    CAN1_Handler                             0x00000283   Thumb Code     0  startup.o(RESET)
    CAN2_Handler                             0x00000283   Thumb Code     0  startup.o(RESET)
    Comp0_Handler                            0x00000283   Thumb Code     0  startup.o(RESET)
    Comp1_Handler                            0x00000283   Thumb Code     0  startup.o(RESET)
    Comp2_Handler                            0x00000283   Thumb Code     0  startup.o(RESET)
    Ethernet_Handler                         0x00000283   Thumb Code     0  startup.o(RESET)
    ExtBus_Handler                           0x00000283   Thumb Code     0  startup.o(RESET)
    FPU_Handler                              0x00000283   Thumb Code     0  startup.o(RESET)
    Fan0_Handler                             0x00000283   Thumb Code     0  startup.o(RESET)
    FlashCtl_Handler                         0x00000283   Thumb Code     0  startup.o(RESET)
    GPIOPortA_Handler                        0x00000283   Thumb Code     0  startup.o(RESET)
    GPIOPortB_Handler                        0x00000283   Thumb Code     0  startup.o(RESET)
    GPIOPortC_Handler                        0x00000283   Thumb Code     0  startup.o(RESET)
    GPIOPortD_Handler                        0x00000283   Thumb Code     0  startup.o(RESET)
    GPIOPortF_Handler                        0x00000283   Thumb Code     0  startup.o(RESET)
    GPIOPortG_Handler                        0x00000283   Thumb Code     0  startup.o(RESET)
    GPIOPortH_Handler                        0x00000283   Thumb Code     0  startup.o(RESET)
    GPIOPortJ_Handler                        0x00000283   Thumb Code     0  startup.o(RESET)
    GPIOPortK_Handler                        0x00000283   Thumb Code     0  startup.o(RESET)
    GPIOPortL_Handler                        0x00000283   Thumb Code     0  startup.o(RESET)
    GPIOPortM_Handler                        0x00000283   Thumb Code     0  startup.o(RESET)
    GPIOPortN_Handler                        0x00000283   Thumb Code     0  startup.o(RESET)
    GPIOPortP1_Handler                       0x00000283   Thumb Code     0  startup.o(RESET)
    GPIOPortP2_Handler                       0x00000283   Thumb Code     0  startup.o(RESET)
    GPIOPortP3_Handler                       0x00000283   Thumb Code     0  startup.o(RESET)
    GPIOPortP4_Handler                       0x00000283   Thumb Code     0  startup.o(RESET)
    GPIOPortP5_Handler                       0x00000283   Thumb Code     0  startup.o(RESET)
    GPIOPortP6_Handler                       0x00000283   Thumb Code     0  startup.o(RESET)
    GPIOPortP7_Handler                       0x00000283   Thumb Code     0  startup.o(RESET)
    GPIOPortP_Handler                        0x00000283   Thumb Code     0  startup.o(RESET)
    GPIOPortQ1_Handler                       0x00000283   Thumb Code     0  startup.o(RESET)
    GPIOPortQ2_Handler                       0x00000283   Thumb Code     0  startup.o(RESET)
    GPIOPortQ3_Handler                       0x00000283   Thumb Code     0  startup.o(RESET)
    GPIOPortQ4_Handler                       0x00000283   Thumb Code     0  startup.o(RESET)
    GPIOPortQ5_Handler                       0x00000283   Thumb Code     0  startup.o(RESET)
    GPIOPortQ6_Handler                       0x00000283   Thumb Code     0  startup.o(RESET)
    GPIOPortQ7_Handler                       0x00000283   Thumb Code     0  startup.o(RESET)
    GPIOPortQ_Handler                        0x00000283   Thumb Code     0  startup.o(RESET)
    GPIOPortR_Handler                        0x00000283   Thumb Code     0  startup.o(RESET)
    GPIOPortS_Handler                        0x00000283   Thumb Code     0  startup.o(RESET)
    Hibernate_Handler                        0x00000283   Thumb Code     0  startup.o(RESET)
    I2C0_Handler                             0x00000283   Thumb Code     0  startup.o(RESET)
    I2C1_Handler                             0x00000283   Thumb Code     0  startup.o(RESET)
    I2C2_Handler                             0x00000283   Thumb Code     0  startup.o(RESET)
    I2C3_Handler                             0x00000283   Thumb Code     0  startup.o(RESET)
    I2C4_Handler                             0x00000283   Thumb Code     0  startup.o(RESET)
    I2C5_Handler                             0x00000283   Thumb Code     0  startup.o(RESET)
    I2S0_Handler                             0x00000283   Thumb Code     0  startup.o(RESET)
    LPC0_Handler                             0x00000283   Thumb Code     0  startup.o(RESET)
    PECI0_Handler                            0x00000283   Thumb Code     0  startup.o(RESET)
    PWM0Fault_Handler                        0x00000283   Thumb Code     0  startup.o(RESET)
    PWM0Generator0_Handler                   0x00000283   Thumb Code     0  startup.o(RESET)
    PWM0Generator1_Handler                   0x00000283   Thumb Code     0  startup.o(RESET)
    PWM0Generator2_Handler                   0x00000283   Thumb Code     0  startup.o(RESET)
    PWM0Generator3_Handler                   0x00000283   Thumb Code     0  startup.o(RESET)
    PWM1Fault_Handler                        0x00000283   Thumb Code     0  startup.o(RESET)
    PWM1Generator0_Handler                   0x00000283   Thumb Code     0  startup.o(RESET)
    PWM1Generator1_Handler                   0x00000283   Thumb Code     0  startup.o(RESET)
    PWM1Generator2_Handler                   0x00000283   Thumb Code     0  startup.o(RESET)
    PWM1Generator3_Handler                   0x00000283   Thumb Code     0  startup.o(RESET)
    Quadrature0_Handler                      0x00000283   Thumb Code     0  startup.o(RESET)
    Quadrature1_Handler                      0x00000283   Thumb Code     0  startup.o(RESET)
    Quadrature2_Handler                      0x00000283   Thumb Code     0  startup.o(RESET)
    SSI0_Handler                             0x00000283   Thumb Code     0  startup.o(RESET)
    SSI1_Handler                             0x00000283   Thumb Code     0  startup.o(RESET)
    SSI2_Handler                             0x00000283   Thumb Code     0  startup.o(RESET)
    SSI3_Handler                             0x00000283   Thumb Code     0  startup.o(RESET)
    SysCtl_Handler                           0x00000283   Thumb Code     0  startup.o(RESET)
    Timer0B_Handler                          0x00000283   Thumb Code     0  startup.o(RESET)
    Timer1B_Handler                          0x00000283   Thumb Code     0  startup.o(RESET)
    Timer2B_Handler                          0x00000283   Thumb Code     0  startup.o(RESET)
    Timer3A_Handler                          0x00000283   Thumb Code     0  startup.o(RESET)
    Timer3B_Handler                          0x00000283   Thumb Code     0  startup.o(RESET)
    Timer4A_Handler                          0x00000283   Thumb Code     0  startup.o(RESET)
    Timer4B_Handler                          0x00000283   Thumb Code     0  startup.o(RESET)
    Timer5B_Handler                          0x00000283   Thumb Code     0  startup.o(RESET)
    UART0_Handler                            0x00000283   Thumb Code     0  startup.o(RESET)
    UART1_Handler                            0x00000283   Thumb Code     0  startup.o(RESET)
    UART2_Handler                            0x00000283   Thumb Code     0  startup.o(RESET)
    UART3_Handler                            0x00000283   Thumb Code     0  startup.o(RESET)
    UART4_Handler                            0x00000283   Thumb Code     0  startup.o(RESET)
    UART5_Handler                            0x00000283   Thumb Code     0  startup.o(RESET)
    UART6_Handler                            0x00000283   Thumb Code     0  startup.o(RESET)
    UART7_Handler                            0x00000283   Thumb Code     0  startup.o(RESET)
    USB0_Handler                             0x00000283   Thumb Code     0  startup.o(RESET)
    WDT_Handler                              0x00000283   Thumb Code     0  startup.o(RESET)
    WideTimer0A_Handler                      0x00000283   Thumb Code     0  startup.o(RESET)
    WideTimer0B_Handler                      0x00000283   Thumb Code     0  startup.o(RESET)
    WideTimer1A_Handler                      0x00000283   Thumb Code     0  startup.o(RESET)
    WideTimer1B_Handler                      0x00000283   Thumb Code     0  startup.o(RESET)
    WideTimer2A_Handler                      0x00000283   Thumb Code     0  startup.o(RESET)
    WideTimer2B_Handler                      0x00000283   Thumb Code     0  startup.o(RESET)
    WideTimer3A_Handler                      0x00000283   Thumb Code     0  startup.o(RESET)
    WideTimer3B_Handler                      0x00000283   Thumb Code     0  startup.o(RESET)
    WideTimer4A_Handler                      0x00000283   Thumb Code     0  startup.o(RESET)
    WideTimer4B_Handler                      0x00000283   Thumb Code     0  startup.o(RESET)
    WideTimer5A_Handler                      0x00000283   Thumb Code     0  startup.o(RESET)
    WideTimer5B_Handler                      0x00000283   Thumb Code     0  startup.o(RESET)
    uDMA_Error                               0x00000283   Thumb Code     0  startup.o(RESET)
    uDMA_Handler                             0x00000283   Thumb Code     0  startup.o(RESET)
    __main                                   0x00000285   Thumb Code     8  __main.o(!!!main)
    __scatterload                            0x0000028d   Thumb Code     0  __scatter.o(!!!scatter)
    __scatterload_rt2                        0x0000028d   Thumb Code    44  __scatter.o(!!!scatter)
    __scatterload_rt2_thumb_only             0x0000028d   Thumb Code     0  __scatter.o(!!!scatter)
    __scatterload_null                       0x0000029b   Thumb Code     0  __scatter.o(!!!scatter)
    __scatterload_copy                       0x000002c1   Thumb Code    26  __scatter_copy.o(!!handler_copy)
    __scatterload_zeroinit                   0x000002dd   Thumb Code    28  __scatter_zi.o(!!handler_zi)
    __rt_lib_init                            0x000002f9   Thumb Code     0  libinit.o(.ARM.Collect$$libinit$$00000000)
    __rt_lib_init_alloca_1                   0x000002fb   Thumb Code     0  libinit2.o(.ARM.Collect$$libinit$$00000030)
    __rt_lib_init_argv_1                     0x000002fb   Thumb Code     0  libinit2.o(.ARM.Collect$$libinit$$0000002E)
    __rt_lib_init_atexit_1                   0x000002fb   Thumb Code     0  libinit2.o(.ARM.Collect$$libinit$$0000001D)
    __rt_lib_init_clock_1                    0x000002fb   Thumb Code     0  libinit2.o(.ARM.Collect$$libinit$$00000023)
    __rt_lib_init_cpp_1                      0x000002fb   Thumb Code     0  libinit2.o(.ARM.Collect$$libinit$$00000034)
    __rt_lib_init_exceptions_1               0x000002fb   Thumb Code     0  libinit2.o(.ARM.Collect$$libinit$$00000032)
    __rt_lib_init_fp_1                       0x000002fb   Thumb Code     0  libinit2.o(.ARM.Collect$$libinit$$00000002)
    __rt_lib_init_fp_trap_1                  0x000002fb   Thumb Code     0  libinit2.o(.ARM.Collect$$libinit$$00000021)
    __rt_lib_init_getenv_1                   0x000002fb   Thumb Code     0  libinit2.o(.ARM.Collect$$libinit$$00000025)
    __rt_lib_init_heap_1                     0x000002fb   Thumb Code     0  libinit2.o(.ARM.Collect$$libinit$$0000000C)
    __rt_lib_init_lc_collate_1               0x000002fb   Thumb Code     0  libinit2.o(.ARM.Collect$$libinit$$00000013)
    __rt_lib_init_lc_ctype_1                 0x000002fb   Thumb Code     0  libinit2.o(.ARM.Collect$$libinit$$00000015)
    __rt_lib_init_lc_monetary_1              0x000002fb   Thumb Code     0  libinit2.o(.ARM.Collect$$libinit$$00000017)
    __rt_lib_init_lc_numeric_1               0x000002fb   Thumb Code     0  libinit2.o(.ARM.Collect$$libinit$$00000019)
    __rt_lib_init_lc_time_1                  0x000002fb   Thumb Code     0  libinit2.o(.ARM.Collect$$libinit$$0000001B)
    __rt_lib_init_preinit_1                  0x000002fb   Thumb Code     0  libinit2.o(.ARM.Collect$$libinit$$00000006)
    __rt_lib_init_rand_1                     0x000002fb   Thumb Code     0  libinit2.o(.ARM.Collect$$libinit$$00000010)
    __rt_lib_init_relocate_pie_1             0x000002fb   Thumb Code     0  libinit2.o(.ARM.Collect$$libinit$$00000004)
    __rt_lib_init_return                     0x000002fb   Thumb Code     0  libinit2.o(.ARM.Collect$$libinit$$00000035)
    __rt_lib_init_signal_1                   0x000002fb   Thumb Code     0  libinit2.o(.ARM.Collect$$libinit$$0000001F)
    __rt_lib_init_stdio_1                    0x000002fb   Thumb Code     0  libinit2.o(.ARM.Collect$$libinit$$00000027)
    __rt_lib_init_user_alloc_1               0x000002fb   Thumb Code     0  libinit2.o(.ARM.Collect$$libinit$$0000000E)
    __rt_lib_shutdown                        0x000002fd   Thumb Code     0  libshutdown.o(.ARM.Collect$$libshutdown$$00000000)
    __rt_lib_shutdown_cpp_1                  0x000002ff   Thumb Code     0  libshutdown2.o(.ARM.Collect$$libshutdown$$00000002)
    __rt_lib_shutdown_fp_trap_1              0x000002ff   Thumb Code     0  libshutdown2.o(.ARM.Collect$$libshutdown$$00000007)
    __rt_lib_shutdown_heap_1                 0x000002ff   Thumb Code     0  libshutdown2.o(.ARM.Collect$$libshutdown$$0000000F)
    __rt_lib_shutdown_return                 0x000002ff   Thumb Code     0  libshutdown2.o(.ARM.Collect$$libshutdown$$00000010)
    __rt_lib_shutdown_signal_1               0x000002ff   Thumb Code     0  libshutdown2.o(.ARM.Collect$$libshutdown$$0000000A)
    __rt_lib_shutdown_stdio_1                0x000002ff   Thumb Code     0  libshutdown2.o(.ARM.Collect$$libshutdown$$00000004)
    __rt_lib_shutdown_user_alloc_1           0x000002ff   Thumb Code     0  libshutdown2.o(.ARM.Collect$$libshutdown$$0000000C)
    __rt_entry                               0x00000301   Thumb Code     0  __rtentry.o(.ARM.Collect$$rtentry$$00000000)
    __rt_entry_presh_1                       0x00000301   Thumb Code     0  __rtentry2.o(.ARM.Collect$$rtentry$$00000002)
    __rt_entry_sh                            0x00000301   Thumb Code     0  __rtentry4.o(.ARM.Collect$$rtentry$$00000004)
    __rt_entry_li                            0x00000307   Thumb Code     0  __rtentry2.o(.ARM.Collect$$rtentry$$0000000A)
    __rt_entry_postsh_1                      0x00000307   Thumb Code     0  __rtentry2.o(.ARM.Collect$$rtentry$$00000009)
    __rt_entry_main                          0x0000030b   Thumb Code     0  __rtentry2.o(.ARM.Collect$$rtentry$$0000000D)
    __rt_entry_postli_1                      0x0000030b   Thumb Code     0  __rtentry2.o(.ARM.Collect$$rtentry$$0000000C)
    __rt_exit                                0x00000313   Thumb Code     0  rtexit.o(.ARM.Collect$$rtexit$$00000000)
    __rt_exit_ls                             0x00000315   Thumb Code     0  rtexit2.o(.ARM.Collect$$rtexit$$00000003)
    __rt_exit_prels_1                        0x00000315   Thumb Code     0  rtexit2.o(.ARM.Collect$$rtexit$$00000002)
    __rt_exit_exit                           0x00000319   Thumb Code     0  rtexit2.o(.ARM.Collect$$rtexit$$00000004)
    DisableInterrupts                        0x00000321   Thumb Code     0  startup.o(.text)
    EnableInterrupts                         0x00000325   Thumb Code     0  startup.o(.text)
    StartCritical                            0x00000329   Thumb Code     0  startup.o(.text)
    EndCritical                              0x00000331   Thumb Code     0  startup.o(.text)
    WaitForInterrupt                         0x00000337   Thumb Code     0  startup.o(.text)
    __user_initial_stackheap                 0x0000033b   Thumb Code     0  startup.o(.text)
    Random_Init                              0x00000351   Thumb Code     0  random.o(.text)
    Random32                                 0x00000357   Thumb Code     2  random.o(.text)
    Random                                   0x00000369   Thumb Code     2  random.o(.text)
    SPIOutCommand                            0x0000038d   Thumb Code     0  busywait.o(.text)
    SPIOutData                               0x000003b5   Thumb Code     0  busywait.o(.text)
    Dec2String                               0x000003d5   Thumb Code     0  stringconversion.o(.text)
    Fix2String                               0x00000469   Thumb Code     0  stringconversion.o(.text)
    __use_two_region_memory                  0x00000581   Thumb Code     2  heapauxi.o(.text)
    __rt_heap_escrow$2region                 0x00000583   Thumb Code     2  heapauxi.o(.text)
    __rt_heap_expand$2region                 0x00000585   Thumb Code     2  heapauxi.o(.text)
    __user_setup_stackheap                   0x00000587   Thumb Code    74  sys_stackheap_outer.o(.text)
    exit                                     0x000005d1   Thumb Code    18  exit.o(.text)
    __user_libspace                          0x000005e5   Thumb Code     8  libspace.o(.text)
    __user_perproc_libspace                  0x000005e5   Thumb Code     0  libspace.o(.text)
    __user_perthread_libspace                0x000005e5   Thumb Code     0  libspace.o(.text)
    _sys_exit                                0x000005ed   Thumb Code     8  sys_exit.o(.text)
    __I$use$semihosting                      0x000005f9   Thumb Code     0  use_no_semi.o(.text)
    __use_no_semihosting_swi                 0x000005f9   Thumb Code     2  use_no_semi.o(.text)
    __semihosting_library_function           0x000005fb   Thumb Code     0  indicate_semi.o(.text)
    ADC1_Init                                0x000005fd   Thumb Code   252  texas.o(.text.ADC1_Init)
    Buttons_Init                             0x000006f9   Thumb Code    74  buttons.o(.text.Buttons_Init)
    DAC_Init                                 0x00000745   Thumb Code    82  dac.o(.text.DAC_Init)
    DAC_Out                                  0x00000799   Thumb Code    32  dac.o(.text.DAC_Out)
    Delay1ms                                 0x000007b9   Thumb Code    46  st7735.o(.text.Delay1ms)
    GPIOPortE_Handler                        0x000007e9   Thumb Code     2  buttons.o(.text.GPIOPortE_Handler)
    LeftJoystick_In                          0x000007ed   Thumb Code    82  leftjoystick.o(.text.LeftJoystick_In)
    LeftJoystick_Init                        0x00000841   Thumb Code   258  leftjoystick.o(.text.LeftJoystick_Init)
    LogicAnalyzerA                           0x00000945   Thumb Code    28  texas.o(.text.LogicAnalyzerA)
    LogicAnalyzerB                           0x00000961   Thumb Code    26  texas.o(.text.LogicAnalyzerB)
    LogicAnalyzerC                           0x0000097d   Thumb Code    28  texas.o(.text.LogicAnalyzerC)
    LogicAnalyzerE                           0x00000999   Thumb Code    26  texas.o(.text.LogicAnalyzerE)
    LogicAnalyzerF                           0x000009b5   Thumb Code    26  texas.o(.text.LogicAnalyzerF)
    PLL_Init                                 0x000009d1   Thumb Code   138  pll.o(.text.PLL_Init)
    PeriodicTask2_Init                       0x00000a5d   Thumb Code   232  texas.o(.text.PeriodicTask2_Init)
    PortB_Init                               0x00000b45   Thumb Code    74  portinits.o(.text.PortB_Init)
    ST7735_DrawBitmap                        0x00000b91   Thumb Code   588  st7735.o(.text.ST7735_DrawBitmap)
    ST7735_DrawCharS                         0x00000ddd   Thumb Code   436  st7735.o(.text.ST7735_DrawCharS)
    ST7735_DrawPixel                         0x00000f91   Thumb Code   112  st7735.o(.text.ST7735_DrawPixel)
    ST7735_DrawStringBG                      0x00001001   Thumb Code   160  st7735.o(.text.ST7735_DrawStringBG)
    ST7735_FillRect                          0x000010a1   Thumb Code   318  st7735.o(.text.ST7735_FillRect)
    ST7735_FillScreen                        0x000011e1   Thumb Code    52  st7735.o(.text.ST7735_FillScreen)
    ST7735_InitR                             0x00001215   Thumb Code   166  st7735.o(.text.ST7735_InitR)
    ST7735_OutUDecBG                         0x000012bd   Thumb Code   174  st7735.o(.text.ST7735_OutUDecBG)
    ST7735_SetCursor                         0x0000136d   Thumb Code    54  st7735.o(.text.ST7735_SetCursor)
    ST7735_SetRotation                       0x000013a5   Thumb Code   290  st7735.o(.text.ST7735_SetRotation)
    Scope                                    0x000014c9   Thumb Code    24  texas.o(.text.Scope)
    Song_Battle                              0x000014e1   Thumb Code    20  timer0.o(.text.Song_Battle)
    Song_Init                                0x000014f5   Thumb Code    22  timer0.o(.text.Song_Init)
    Song_Jungle                              0x0000150d   Thumb Code    20  timer0.o(.text.Song_Jungle)
    Song_Start                               0x00001521   Thumb Code    40  timer0.o(.text.Song_Start)
    Song_Stop                                0x00001549   Thumb Code    16  timer0.o(.text.Song_Stop)
    TExaS_Init                               0x00001559   Thumb Code   360  texas.o(.text.TExaS_Init)
    Timer0A_Handler                          0x000016c1   Thumb Code    96  timer0.o(.text.Timer0A_Handler)
    Timer0A_Start                            0x00001721   Thumb Code    16  timer0.o(.text.Timer0A_Start)
    Timer0_Init                              0x00001731   Thumb Code   136  timer0.o(.text.Timer0_Init)
    Timer1A_Handler                          0x000017b9   Thumb Code    24  timer1.o(.text.Timer1A_Handler)
    Timer1_Init                              0x000017d1   Thumb Code   150  timer1.o(.text.Timer1_Init)
    Timer2A_Handler                          0x00001869   Thumb Code   102  wave.o(.text.Timer2A_Handler)
    Timer2A_Init                             0x000018d1   Thumb Code   136  wave.o(.text.Timer2A_Init)
    Timer2A_Start                            0x00001959   Thumb Code    16  wave.o(.text.Timer2A_Start)
    Timer5A_Handler                          0x00001969   Thumb Code    28  texas.o(.text.Timer5A_Handler)
    UART0_Init                               0x00001985   Thumb Code   160  texas.o(.text.UART0_Init)
    Wave_Fanfare                             0x00001a25   Thumb Code    20  wave.o(.text.Wave_Fanfare)
    Wave_Init                                0x00001a39   Thumb Code    22  wave.o(.text.Wave_Init)
    Wave_Roar                                0x00001a51   Thumb Code    20  wave.o(.text.Wave_Roar)
    Wave_Shield                              0x00001a65   Thumb Code    20  wave.o(.text.Wave_Shield)
    Wave_Start                               0x00001a79   Thumb Code    40  wave.o(.text.Wave_Start)
    Wave_Stop                                0x00001aa1   Thumb Code    16  wave.o(.text.Wave_Stop)
    Wave_Sword                               0x00001ab1   Thumb Code    20  wave.o(.text.Wave_Sword)
    checkOverlap                             0x00001ac5   Thumb Code   170  gameengine.o(.text.checkOverlap)
    delay100ms                               0x00001dc1   Thumb Code   114  timer1.o(.text.delay100ms)
    gameOver                                 0x00001e35   Thumb Code   264  gameengine.o(.text.gameOver)
    languageSelect                           0x00001f3d   Thumb Code   690  gameengine.o(.text.languageSelect)
    main                                     0x000021f1   Thumb Code    88  savesimba.o(.text.main)
    mainEngine                               0x00002249   Thumb Code   512  gameengine.o(.text.mainEngine)
    mazeBattle                               0x00002449   Thumb Code  3212  gameengine.o(.text.mazeBattle)
    mazeInit                                 0x000030d5   Thumb Code   604  gameengine.o(.text.mazeInit)
    playMaze                                 0x00003331   Thumb Code  3384  gameengine.o(.text.playMaze)
    showTitleScreen                          0x00004119   Thumb Code   158  gameengine.o(.text.showTitleScreen)
    writecommand                             0x000041b9   Thumb Code    44  st7735.o(.text.writecommand)
    writedata                                0x000041e5   Thumb Code    44  st7735.o(.text.writedata)
    youWin                                   0x00004211   Thumb Code   262  gameengine.o(.text.youWin)
    BattleArena                              0x00004316   Data       40960  gameengine.o(.rodata.BattleArena)
    BattleHyena                              0x0000e316   Data        1922  gameengine.o(.rodata.BattleHyena)
    BattleScar                               0x0000ea98   Data        2294  gameengine.o(.rodata.BattleScar)
    BattleShieldL                            0x0000f38e   Data         476  gameengine.o(.rodata.BattleShieldL)
    BattleShieldR                            0x0000f56a   Data         476  gameengine.o(.rodata.BattleShieldR)
    BattleSimba                              0x0000f746   Data        2294  gameengine.o(.rodata.BattleSimba)
    BattleSwordL                             0x0001003c   Data         544  gameengine.o(.rodata.BattleSwordL)
    BattleSwordR                             0x0001025c   Data         544  gameengine.o(.rodata.BattleSwordR)
    FlashHyenaSmile                          0x0001047c   Data        1922  gameengine.o(.rodata.FlashHyenaSmile)
    FlashHyenaTongue                         0x00010bfe   Data        1922  gameengine.o(.rodata.FlashHyenaTongue)
    FlashPumba                               0x00011380   Data         882  gameengine.o(.rodata.FlashPumba)
    FlashScar                                0x000116f2   Data        1682  gameengine.o(.rodata.FlashScar)
    FlashTimon                               0x00011d84   Data         882  gameengine.o(.rodata.FlashTimon)
    FlashZazu                                0x000120f6   Data        1218  gameengine.o(.rodata.FlashZazu)
    GameOverIcon                             0x00012ab4   Data        1300  gameengine.o(.rodata.GameOverIcon)
    GameOverText                             0x00012fc8   Data        7360  gameengine.o(.rodata.GameOverText)
    JungleMaze                               0x00014c88   Data       40960  gameengine.o(.rodata.JungleMaze)
    SpriteFriend                             0x0001ed08   Data         162  gameengine.o(.rodata.SpriteFriend)
    SpriteHome                               0x0001edaa   Data         162  gameengine.o(.rodata.SpriteHome)
    SpriteHyenaD                             0x0001ee4c   Data         162  gameengine.o(.rodata.SpriteHyenaD)
    SpriteHyenaL                             0x0001eeee   Data         162  gameengine.o(.rodata.SpriteHyenaL)
    SpriteHyenaR                             0x0001ef90   Data         162  gameengine.o(.rodata.SpriteHyenaR)
    SpriteHyenaU                             0x0001f032   Data         162  gameengine.o(.rodata.SpriteHyenaU)
    SpriteScarL                              0x0001f0d4   Data         162  gameengine.o(.rodata.SpriteScarL)
    SpriteSimbaD                             0x0001f176   Data         162  gameengine.o(.rodata.SpriteSimbaD)
    SpriteSimbaL                             0x0001f218   Data         162  gameengine.o(.rodata.SpriteSimbaL)
    SpriteSimbaR                             0x0001f2ba   Data         162  gameengine.o(.rodata.SpriteSimbaR)
    SpriteSimbaU                             0x0001f35c   Data         162  gameengine.o(.rodata.SpriteSimbaU)
    TitleCredits                             0x0001f3fe   Data        2990  gameengine.o(.rodata.TitleCredits)
    TitleScreen                              0x0001ffac   Data       40960  gameengine.o(.rodata.TitleScreen)
    TitleSimba                               0x00029fac   Data         336  gameengine.o(.rodata.TitleSimba)
    TitleText                                0x0002a0fc   Data        7040  gameengine.o(.rodata.TitleText)
    YouWinIcon                               0x0002bc7c   Data        1500  gameengine.o(.rodata.YouWinIcon)
    YouWinText                               0x0002c258   Data        5060  gameengine.o(.rodata.YouWinText)
    battle                                   0x0002d61c   Data        9071  timer0.o(.rodata.battle)
    fanfare                                  0x0002f98b   Data       16346  wave.o(.rodata.fanfare)
    jungle                                   0x00033965   Data       23271  timer0.o(.rodata.jungle)
    roar                                     0x0003944c   Data        6954  wave.o(.rodata.roar)
    shield                                   0x0003af76   Data        8269  wave.o(.rodata.shield)
    sword                                    0x0003d05c   Data        2937  wave.o(.rodata.sword)
    Region$$Table$$Base                      0x0003dbd8   Number         0  anon$$obj.o(Region$$Table)
    Region$$Table$$Limit                     0x0003dbf8   Number         0  anon$$obj.o(Region$$Table)
    StTextColor                              0x20000000   Data           2  st7735.o(.data.StTextColor)
    __libspace_start                         0x20000010   Data          96  libspace.o(.bss)
    __temporary_stack_top$libspace           0x20000070   Data           0  libspace.o(.bss)
    Friend1                                  0x20000071   Data           5  gameengine.o(.bss.Friend1)
    Friend2                                  0x20000076   Data           5  gameengine.o(.bss.Friend2)
    Friend3                                  0x2000007b   Data           5  gameengine.o(.bss.Friend3)
    Home                                     0x20000080   Data           5  gameengine.o(.bss.Home)
    Hyena1                                   0x20000085   Data           5  gameengine.o(.bss.Hyena1)
    Hyena2                                   0x2000008a   Data           5  gameengine.o(.bss.Hyena2)
    Hyena3                                   0x2000008f   Data           5  gameengine.o(.bss.Hyena3)
    LStick                                   0x20000094   Data           8  gameengine.o(.bss.LStick)
    Message                                  0x2000009c   Data          12  st7735.o(.bss.Message)
    PeriodicTask2                            0x200000a8   Data           4  texas.o(.bss.PeriodicTask2)
    Scar                                     0x200000ae   Data           5  gameengine.o(.bss.Scar)
    Simba                                    0x200000b3   Data           5  gameengine.o(.bss.Simba)
    SongLoc                                  0x200000b8   Data           4  timer0.o(.bss.SongLoc)
    SongSize                                 0x200000bc   Data           2  timer0.o(.bss.SongSize)
    StX                                      0x200000c0   Data           4  st7735.o(.bss.StX)
    StY                                      0x200000c4   Data           4  st7735.o(.bss.StY)
    WaveLoc                                  0x200000cc   Data           4  wave.o(.bss.WaveLoc)
    WaveSize                                 0x200000d0   Data           2  wave.o(.bss.WaveSize)
    delayFlag                                0x200000d2   Data           1  timer1.o(.bss.delayFlag)
    gameStatus                               0x200000d4   Data           1  gameengine.o(.bss.gameStatus)
    idxSong                                  0x200000d6   Data           2  timer0.o(.bss.idxSong)
    idxWav                                   0x200000d8   Data           2  wave.o(.bss.idxWav)
    language                                 0x200000da   Data           1  gameengine.o(.bss.language)



==============================================================================

Memory Map of the image

  Image Entry point : 0x0000026d

  Load Region LR_1 (Base: 0x00000000, Size: 0x0003dc04, Max: 0xffffffff, ABSOLUTE)

    Execution Region ER_RO (Exec base: 0x00000000, Load base: 0x00000000, Size: 0x0003dbf8, Max: 0xffffffff, ABSOLUTE)

    Exec Addr    Load Addr    Size         Type   Attr      Idx    E Section Name        Object

    0x00000000   0x00000000   0x00000284   Code   RO          122  * RESET               startup.o
    0x00000284   0x00000284   0x00000008   Code   RO          436  * !!!main             c_w.l(__main.o)
    0x0000028c   0x0000028c   0x00000034   Code   RO          601    !!!scatter          c_w.l(__scatter.o)
    0x000002c0   0x000002c0   0x0000001a   Code   RO          603    !!handler_copy      c_w.l(__scatter_copy.o)
    0x000002da   0x000002da   0x00000002   PAD
    0x000002dc   0x000002dc   0x0000001c   Code   RO          605    !!handler_zi        c_w.l(__scatter_zi.o)
    0x000002f8   0x000002f8   0x00000002   Code   RO          463    .ARM.Collect$$libinit$$00000000  c_w.l(libinit.o)
    0x000002fa   0x000002fa   0x00000000   Code   RO          470    .ARM.Collect$$libinit$$00000002  c_w.l(libinit2.o)
    0x000002fa   0x000002fa   0x00000000   Code   RO          472    .ARM.Collect$$libinit$$00000004  c_w.l(libinit2.o)
    0x000002fa   0x000002fa   0x00000000   Code   RO          474    .ARM.Collect$$libinit$$00000006  c_w.l(libinit2.o)
    0x000002fa   0x000002fa   0x00000000   Code   RO          477    .ARM.Collect$$libinit$$0000000C  c_w.l(libinit2.o)
    0x000002fa   0x000002fa   0x00000000   Code   RO          479    .ARM.Collect$$libinit$$0000000E  c_w.l(libinit2.o)
    0x000002fa   0x000002fa   0x00000000   Code   RO          481    .ARM.Collect$$libinit$$00000010  c_w.l(libinit2.o)
    0x000002fa   0x000002fa   0x00000000   Code   RO          484    .ARM.Collect$$libinit$$00000013  c_w.l(libinit2.o)
    0x000002fa   0x000002fa   0x00000000   Code   RO          486    .ARM.Collect$$libinit$$00000015  c_w.l(libinit2.o)
    0x000002fa   0x000002fa   0x00000000   Code   RO          488    .ARM.Collect$$libinit$$00000017  c_w.l(libinit2.o)
    0x000002fa   0x000002fa   0x00000000   Code   RO          490    .ARM.Collect$$libinit$$00000019  c_w.l(libinit2.o)
    0x000002fa   0x000002fa   0x00000000   Code   RO          492    .ARM.Collect$$libinit$$0000001B  c_w.l(libinit2.o)
    0x000002fa   0x000002fa   0x00000000   Code   RO          494    .ARM.Collect$$libinit$$0000001D  c_w.l(libinit2.o)
    0x000002fa   0x000002fa   0x00000000   Code   RO          496    .ARM.Collect$$libinit$$0000001F  c_w.l(libinit2.o)
    0x000002fa   0x000002fa   0x00000000   Code   RO          498    .ARM.Collect$$libinit$$00000021  c_w.l(libinit2.o)
    0x000002fa   0x000002fa   0x00000000   Code   RO          500    .ARM.Collect$$libinit$$00000023  c_w.l(libinit2.o)
    0x000002fa   0x000002fa   0x00000000   Code   RO          502    .ARM.Collect$$libinit$$00000025  c_w.l(libinit2.o)
    0x000002fa   0x000002fa   0x00000000   Code   RO          504    .ARM.Collect$$libinit$$00000027  c_w.l(libinit2.o)
    0x000002fa   0x000002fa   0x00000000   Code   RO          508    .ARM.Collect$$libinit$$0000002E  c_w.l(libinit2.o)
    0x000002fa   0x000002fa   0x00000000   Code   RO          510    .ARM.Collect$$libinit$$00000030  c_w.l(libinit2.o)
    0x000002fa   0x000002fa   0x00000000   Code   RO          512    .ARM.Collect$$libinit$$00000032  c_w.l(libinit2.o)
    0x000002fa   0x000002fa   0x00000000   Code   RO          514    .ARM.Collect$$libinit$$00000034  c_w.l(libinit2.o)
    0x000002fa   0x000002fa   0x00000002   Code   RO          515    .ARM.Collect$$libinit$$00000035  c_w.l(libinit2.o)
    0x000002fc   0x000002fc   0x00000002   Code   RO          537    .ARM.Collect$$libshutdown$$00000000  c_w.l(libshutdown.o)
    0x000002fe   0x000002fe   0x00000000   Code   RO          552    .ARM.Collect$$libshutdown$$00000002  c_w.l(libshutdown2.o)
    0x000002fe   0x000002fe   0x00000000   Code   RO          554    .ARM.Collect$$libshutdown$$00000004  c_w.l(libshutdown2.o)
    0x000002fe   0x000002fe   0x00000000   Code   RO          557    .ARM.Collect$$libshutdown$$00000007  c_w.l(libshutdown2.o)
    0x000002fe   0x000002fe   0x00000000   Code   RO          560    .ARM.Collect$$libshutdown$$0000000A  c_w.l(libshutdown2.o)
    0x000002fe   0x000002fe   0x00000000   Code   RO          562    .ARM.Collect$$libshutdown$$0000000C  c_w.l(libshutdown2.o)
    0x000002fe   0x000002fe   0x00000000   Code   RO          565    .ARM.Collect$$libshutdown$$0000000F  c_w.l(libshutdown2.o)
    0x000002fe   0x000002fe   0x00000002   Code   RO          566    .ARM.Collect$$libshutdown$$00000010  c_w.l(libshutdown2.o)
    0x00000300   0x00000300   0x00000000   Code   RO          438    .ARM.Collect$$rtentry$$00000000  c_w.l(__rtentry.o)
    0x00000300   0x00000300   0x00000000   Code   RO          440    .ARM.Collect$$rtentry$$00000002  c_w.l(__rtentry2.o)
    0x00000300   0x00000300   0x00000006   Code   RO          452    .ARM.Collect$$rtentry$$00000004  c_w.l(__rtentry4.o)
    0x00000306   0x00000306   0x00000000   Code   RO          442    .ARM.Collect$$rtentry$$00000009  c_w.l(__rtentry2.o)
    0x00000306   0x00000306   0x00000004   Code   RO          443    .ARM.Collect$$rtentry$$0000000A  c_w.l(__rtentry2.o)
    0x0000030a   0x0000030a   0x00000000   Code   RO          445    .ARM.Collect$$rtentry$$0000000C  c_w.l(__rtentry2.o)
    0x0000030a   0x0000030a   0x00000008   Code   RO          446    .ARM.Collect$$rtentry$$0000000D  c_w.l(__rtentry2.o)
    0x00000312   0x00000312   0x00000002   Code   RO          467    .ARM.Collect$$rtexit$$00000000  c_w.l(rtexit.o)
    0x00000314   0x00000314   0x00000000   Code   RO          517    .ARM.Collect$$rtexit$$00000002  c_w.l(rtexit2.o)
    0x00000314   0x00000314   0x00000004   Code   RO          518    .ARM.Collect$$rtexit$$00000003  c_w.l(rtexit2.o)
    0x00000318   0x00000318   0x00000006   Code   RO          519    .ARM.Collect$$rtexit$$00000004  c_w.l(rtexit2.o)
    0x0000031e   0x0000031e   0x00000002   PAD
    0x00000320   0x00000320   0x00000030   Code   RO          123    .text               startup.o
    0x00000350   0x00000350   0x0000003c   Code   RO          132    .text               random.o
    0x0000038c   0x0000038c   0x00000048   Code   RO          380    .text               busywait.o
    0x000003d4   0x000003d4   0x000001ac   Code   RO          383    .text               stringconversion.o
    0x00000580   0x00000580   0x00000006   Code   RO          434    .text               c_w.l(heapauxi.o)
    0x00000586   0x00000586   0x0000004a   Code   RO          454    .text               c_w.l(sys_stackheap_outer.o)
    0x000005d0   0x000005d0   0x00000012   Code   RO          456    .text               c_w.l(exit.o)
    0x000005e2   0x000005e2   0x00000002   PAD
    0x000005e4   0x000005e4   0x00000008   Code   RO          464    .text               c_w.l(libspace.o)
    0x000005ec   0x000005ec   0x0000000c   Code   RO          527    .text               c_w.l(sys_exit.o)
    0x000005f8   0x000005f8   0x00000002   Code   RO          542    .text               c_w.l(use_no_semi.o)
    0x000005fa   0x000005fa   0x00000000   Code   RO          544    .text               c_w.l(indicate_semi.o)
    0x000005fa   0x000005fa   0x00000002   PAD
    0x000005fc   0x000005fc   0x000000fc   Code   RO          206    .text.ADC1_Init     texas.o
    0x000006f8   0x000006f8   0x0000004a   Code   RO          421    .text.Buttons_Init  buttons.o
    0x00000742   0x00000742   0x00000002   PAD
    0x00000744   0x00000744   0x00000052   Code   RO          231    .text.DAC_Init      dac.o
    0x00000796   0x00000796   0x00000002   PAD
    0x00000798   0x00000798   0x00000020   Code   RO          233    .text.DAC_Out       dac.o
    0x000007b8   0x000007b8   0x0000002e   Code   RO          254    .text.Delay1ms      st7735.o
    0x000007e6   0x000007e6   0x00000002   PAD
    0x000007e8   0x000007e8   0x00000002   Code   RO          423    .text.GPIOPortE_Handler  buttons.o
    0x000007ea   0x000007ea   0x00000002   PAD
    0x000007ec   0x000007ec   0x00000052   Code   RO          101    .text.LeftJoystick_In  leftjoystick.o
    0x0000083e   0x0000083e   0x00000002   PAD
    0x00000840   0x00000840   0x00000102   Code   RO           99    .text.LeftJoystick_Init  leftjoystick.o
    0x00000942   0x00000942   0x00000002   PAD
    0x00000944   0x00000944   0x0000001c   Code   RO          182    .text.LogicAnalyzerA  texas.o
    0x00000960   0x00000960   0x0000001a   Code   RO          184    .text.LogicAnalyzerB  texas.o
    0x0000097a   0x0000097a   0x00000002   PAD
    0x0000097c   0x0000097c   0x0000001c   Code   RO          186    .text.LogicAnalyzerC  texas.o
    0x00000998   0x00000998   0x0000001a   Code   RO          188    .text.LogicAnalyzerE  texas.o
    0x000009b2   0x000009b2   0x00000002   PAD
    0x000009b4   0x000009b4   0x0000001a   Code   RO          190    .text.LogicAnalyzerF  texas.o
    0x000009ce   0x000009ce   0x00000002   PAD
    0x000009d0   0x000009d0   0x0000008a   Code   RO          242    .text.PLL_Init      pll.o
    0x00000a5a   0x00000a5a   0x00000002   PAD
    0x00000a5c   0x00000a5c   0x000000e8   Code   RO          192    .text.PeriodicTask2_Init  texas.o
    0x00000b44   0x00000b44   0x0000004a   Code   RO          112    .text.PortB_Init    portinits.o
    0x00000b8e   0x00000b8e   0x00000002   PAD
    0x00000b90   0x00000b90   0x0000024c   Code   RO          290    .text.ST7735_DrawBitmap  st7735.o
    0x00000ddc   0x00000ddc   0x000001b4   Code   RO          292    .text.ST7735_DrawCharS  st7735.o
    0x00000f90   0x00000f90   0x00000070   Code   RO          268    .text.ST7735_DrawPixel  st7735.o
    0x00001000   0x00001000   0x000000a0   Code   RO          298    .text.ST7735_DrawStringBG  st7735.o
    0x000010a0   0x000010a0   0x0000013e   Code   RO          278    .text.ST7735_FillRect  st7735.o
    0x000011de   0x000011de   0x00000002   PAD
    0x000011e0   0x000011e0   0x00000034   Code   RO          262    .text.ST7735_FillScreen  st7735.o
    0x00001214   0x00001214   0x000000a6   Code   RO          264    .text.ST7735_InitR  st7735.o
    0x000012ba   0x000012ba   0x00000002   PAD
    0x000012bc   0x000012bc   0x000000ae   Code   RO          302    .text.ST7735_OutUDecBG  st7735.o
    0x0000136a   0x0000136a   0x00000002   PAD
    0x0000136c   0x0000136c   0x00000036   Code   RO          260    .text.ST7735_SetCursor  st7735.o
    0x000013a2   0x000013a2   0x00000002   PAD
    0x000013a4   0x000013a4   0x00000122   Code   RO          306    .text.ST7735_SetRotation  st7735.o
    0x000014c6   0x000014c6   0x00000002   PAD
    0x000014c8   0x000014c8   0x00000018   Code   RO          180    .text.Scope         texas.o
    0x000014e0   0x000014e0   0x00000014   Code   RO          150    .text.Song_Battle   timer0.o
    0x000014f4   0x000014f4   0x00000016   Code   RO          142    .text.Song_Init     timer0.o
    0x0000150a   0x0000150a   0x00000002   PAD
    0x0000150c   0x0000150c   0x00000014   Code   RO          148    .text.Song_Jungle   timer0.o
    0x00001520   0x00001520   0x00000028   Code   RO          146    .text.Song_Start    timer0.o
    0x00001548   0x00001548   0x00000010   Code   RO          140    .text.Song_Stop     timer0.o
    0x00001558   0x00001558   0x00000168   Code   RO          208    .text.TExaS_Init    texas.o
    0x000016c0   0x000016c0   0x00000060   Code   RO          144    .text.Timer0A_Handler  timer0.o
    0x00001720   0x00001720   0x00000010   Code   RO          138    .text.Timer0A_Start  timer0.o
    0x00001730   0x00001730   0x00000088   Code   RO          136    .text.Timer0_Init   timer0.o
    0x000017b8   0x000017b8   0x00000018   Code   RO          166    .text.Timer1A_Handler  timer1.o
    0x000017d0   0x000017d0   0x00000096   Code   RO          164    .text.Timer1_Init   timer1.o
    0x00001866   0x00001866   0x00000002   PAD
    0x00001868   0x00001868   0x00000066   Code   RO          395    .text.Timer2A_Handler  wave.o
    0x000018ce   0x000018ce   0x00000002   PAD
    0x000018d0   0x000018d0   0x00000088   Code   RO          387    .text.Timer2A_Init  wave.o
    0x00001958   0x00001958   0x00000010   Code   RO          389    .text.Timer2A_Start  wave.o
    0x00001968   0x00001968   0x0000001c   Code   RO          194    .text.Timer5A_Handler  texas.o
    0x00001984   0x00001984   0x000000a0   Code   RO          198    .text.UART0_Init    texas.o
    0x00001a24   0x00001a24   0x00000014   Code   RO          399    .text.Wave_Fanfare  wave.o
    0x00001a38   0x00001a38   0x00000016   Code   RO          393    .text.Wave_Init     wave.o
    0x00001a4e   0x00001a4e   0x00000002   PAD
    0x00001a50   0x00001a50   0x00000014   Code   RO          401    .text.Wave_Roar     wave.o
    0x00001a64   0x00001a64   0x00000014   Code   RO          403    .text.Wave_Shield   wave.o
    0x00001a78   0x00001a78   0x00000028   Code   RO          397    .text.Wave_Start    wave.o
    0x00001aa0   0x00001aa0   0x00000010   Code   RO          391    .text.Wave_Stop     wave.o
    0x00001ab0   0x00001ab0   0x00000014   Code   RO          405    .text.Wave_Sword    wave.o
    0x00001ac4   0x00001ac4   0x000000aa   Code   RO           20    .text.checkOverlap  gameengine.o
    0x00001b6e   0x00001b6e   0x00000002   PAD
    0x00001b70   0x00001b70   0x000000aa   Code   RO          266    .text.commandList   st7735.o
    0x00001c1a   0x00001c1a   0x00000002   PAD
    0x00001c1c   0x00001c1c   0x000001a2   Code   RO          258    .text.commonInit    st7735.o
    0x00001dbe   0x00001dbe   0x00000002   PAD
    0x00001dc0   0x00001dc0   0x00000072   Code   RO          168    .text.delay100ms    timer1.o
    0x00001e32   0x00001e32   0x00000002   PAD
    0x00001e34   0x00001e34   0x00000108   Code   RO           28    .text.gameOver      gameengine.o
    0x00001f3c   0x00001f3c   0x000002b2   Code   RO           16    .text.languageSelect  gameengine.o
    0x000021ee   0x000021ee   0x00000002   PAD
    0x000021f0   0x000021f0   0x00000058   Code   RO            4    .text.main          savesimba.o
    0x00002248   0x00002248   0x00000200   Code   RO           30    .text.mainEngine    gameengine.o
    0x00002448   0x00002448   0x00000c8c   Code   RO           22    .text.mazeBattle    gameengine.o
    0x000030d4   0x000030d4   0x0000025c   Code   RO           18    .text.mazeInit      gameengine.o
    0x00003330   0x00003330   0x00000d38   Code   RO           24    .text.playMaze      gameengine.o
    0x00004068   0x00004068   0x0000001c   Code   RO          272    .text.pushColor     st7735.o
    0x00004084   0x00004084   0x00000094   Code   RO          270    .text.setAddrWindow  st7735.o
    0x00004118   0x00004118   0x0000009e   Code   RO           14    .text.showTitleScreen  gameengine.o
    0x000041b6   0x000041b6   0x00000002   PAD
    0x000041b8   0x000041b8   0x0000002c   Code   RO          250    .text.writecommand  st7735.o
    0x000041e4   0x000041e4   0x0000002c   Code   RO          252    .text.writedata     st7735.o
    0x00004210   0x00004210   0x00000106   Code   RO           26    .text.youWin        gameengine.o
    0x00004316   0x00004316   0x0000a000   Data   RO           32    .rodata.BattleArena  gameengine.o
    0x0000e316   0x0000e316   0x00000782   Data   RO           35    .rodata.BattleHyena  gameengine.o
    0x0000ea98   0x0000ea98   0x000008f6   Data   RO           36    .rodata.BattleScar  gameengine.o
    0x0000f38e   0x0000f38e   0x000001dc   Data   RO           37    .rodata.BattleShieldL  gameengine.o
    0x0000f56a   0x0000f56a   0x000001dc   Data   RO           38    .rodata.BattleShieldR  gameengine.o
    0x0000f746   0x0000f746   0x000008f6   Data   RO           39    .rodata.BattleSimba  gameengine.o
    0x0001003c   0x0001003c   0x00000220   Data   RO           40    .rodata.BattleSwordL  gameengine.o
    0x0001025c   0x0001025c   0x00000220   Data   RO           41    .rodata.BattleSwordR  gameengine.o
    0x0001047c   0x0001047c   0x00000782   Data   RO           42    .rodata.FlashHyenaSmile  gameengine.o
    0x00010bfe   0x00010bfe   0x00000782   Data   RO           43    .rodata.FlashHyenaTongue  gameengine.o
    0x00011380   0x00011380   0x00000372   Data   RO           44    .rodata.FlashPumba  gameengine.o
    0x000116f2   0x000116f2   0x00000692   Data   RO           45    .rodata.FlashScar   gameengine.o
    0x00011d84   0x00011d84   0x00000372   Data   RO           46    .rodata.FlashTimon  gameengine.o
    0x000120f6   0x000120f6   0x000004c2   Data   RO           47    .rodata.FlashZazu   gameengine.o
    0x000125b8   0x000125b8   0x000004fb   Data   RO          363    .rodata.Font        st7735.o
    0x00012ab3   0x00012ab3   0x00000001   PAD
    0x00012ab4   0x00012ab4   0x00000514   Data   RO           48    .rodata.GameOverIcon  gameengine.o
    0x00012fc8   0x00012fc8   0x00001cc0   Data   RO           49    .rodata.GameOverText  gameengine.o
    0x00014c88   0x00014c88   0x0000a000   Data   RO           34    .rodata.JungleMaze  gameengine.o
    0x0001ec88   0x0001ec88   0x0000003b   Data   RO          352    .rodata.Rcmd1       st7735.o
    0x0001ecc3   0x0001ecc3   0x0000000d   Data   RO          353    .rodata.Rcmd2green  st7735.o
    0x0001ecd0   0x0001ecd0   0x0000000d   Data   RO          356    .rodata.Rcmd2red    st7735.o
    0x0001ecdd   0x0001ecdd   0x0000002b   Data   RO          357    .rodata.Rcmd3       st7735.o
    0x0001ed08   0x0001ed08   0x000000a2   Data   RO           50    .rodata.SpriteFriend  gameengine.o
    0x0001edaa   0x0001edaa   0x000000a2   Data   RO           51    .rodata.SpriteHome  gameengine.o
    0x0001ee4c   0x0001ee4c   0x000000a2   Data   RO           55    .rodata.SpriteHyenaD  gameengine.o
    0x0001eeee   0x0001eeee   0x000000a2   Data   RO           52    .rodata.SpriteHyenaL  gameengine.o
    0x0001ef90   0x0001ef90   0x000000a2   Data   RO           53    .rodata.SpriteHyenaR  gameengine.o
    0x0001f032   0x0001f032   0x000000a2   Data   RO           54    .rodata.SpriteHyenaU  gameengine.o
    0x0001f0d4   0x0001f0d4   0x000000a2   Data   RO           56    .rodata.SpriteScarL  gameengine.o
    0x0001f176   0x0001f176   0x000000a2   Data   RO           61    .rodata.SpriteSimbaD  gameengine.o
    0x0001f218   0x0001f218   0x000000a2   Data   RO           58    .rodata.SpriteSimbaL  gameengine.o
    0x0001f2ba   0x0001f2ba   0x000000a2   Data   RO           59    .rodata.SpriteSimbaR  gameengine.o
    0x0001f35c   0x0001f35c   0x000000a2   Data   RO           60    .rodata.SpriteSimbaU  gameengine.o
    0x0001f3fe   0x0001f3fe   0x00000bae   Data   RO           62    .rodata.TitleCredits  gameengine.o
    0x0001ffac   0x0001ffac   0x0000a000   Data   RO           33    .rodata.TitleScreen  gameengine.o
    0x00029fac   0x00029fac   0x00000150   Data   RO           63    .rodata.TitleSimba  gameengine.o
    0x0002a0fc   0x0002a0fc   0x00001b80   Data   RO           64    .rodata.TitleText   gameengine.o
    0x0002bc7c   0x0002bc7c   0x000005dc   Data   RO           65    .rodata.YouWinIcon  gameengine.o
    0x0002c258   0x0002c258   0x000013c4   Data   RO           66    .rodata.YouWinText  gameengine.o
    0x0002d61c   0x0002d61c   0x0000236f   Data   RO          156    .rodata.battle      timer0.o
    0x0002f98b   0x0002f98b   0x00003fda   Data   RO          410    .rodata.fanfare     wave.o
    0x00033965   0x00033965   0x00005ae7   Data   RO          155    .rodata.jungle      timer0.o
    0x0003944c   0x0003944c   0x00001b2a   Data   RO          411    .rodata.roar        wave.o
    0x0003af76   0x0003af76   0x0000204d   Data   RO          412    .rodata.shield      wave.o
    0x0003cfc3   0x0003cfc3   0x00000099   Data   RO           74    .rodata.str1.1      gameengine.o
    0x0003d05c   0x0003d05c   0x00000b79   Data   RO          413    .rodata.sword       wave.o
    0x0003dbd5   0x0003dbd5   0x00000003   PAD
    0x0003dbd8   0x0003dbd8   0x00000020   Data   RO          600    Region$$Table       anon$$obj.o


    Execution Region ER_RW (Exec base: 0x20000000, Load base: 0x0003dbf8, Size: 0x0000000c, Max: 0xffffffff, ABSOLUTE)

    Exec Addr    Load Addr    Size         Type   Attr      Idx    E Section Name        Object

    0x20000000   0x0003dbf8   0x00000002   Data   RW          350    .data.StTextColor   st7735.o
    0x20000002   0x0003dbfa   0x00000002   Data   RW          360    .data._height       st7735.o
    0x20000004   0x0003dbfc   0x00000002   Data   RW          359    .data._width        st7735.o
    0x20000006   0x0003dbfe   0x00000002   PAD
    0x20000008   0x0003dc00   0x00000004   Data   RW          131    DATA                random.o


    Execution Region ER_ZI (Exec base: 0x20000010, Load base: 0x0003dc04, Size: 0x000010d0, Max: 0xffffffff, ABSOLUTE)

    Exec Addr    Load Addr    Size         Type   Attr      Idx    E Section Name        Object

    0x20000010        -       0x00000060   Zero   RW          465    .bss                c_w.l(libspace.o)
    0x20000070        -       0x00000001   Zero   RW          354    .bss.ColStart       st7735.o
    0x20000071        -       0x00000005   Zero   RW           81    .bss.Friend1        gameengine.o
    0x20000076        -       0x00000005   Zero   RW           82    .bss.Friend2        gameengine.o
    0x2000007b        -       0x00000005   Zero   RW           83    .bss.Friend3        gameengine.o
    0x20000080        -       0x00000005   Zero   RW           84    .bss.Home           gameengine.o
    0x20000085        -       0x00000005   Zero   RW           77    .bss.Hyena1         gameengine.o
    0x2000008a        -       0x00000005   Zero   RW           78    .bss.Hyena2         gameengine.o
    0x2000008f        -       0x00000005   Zero   RW           79    .bss.Hyena3         gameengine.o
    0x20000094        -       0x00000008   Zero   RW           91    .bss.LStick         gameengine.o
    0x2000009c        -       0x0000000c   Zero   RW          364    .bss.Message        st7735.o
    0x200000a8        -       0x00000004   Zero   RW          212    .bss.PeriodicTask2  texas.o
    0x200000ac        -       0x00000001   Zero   RW          365    .bss.Rotation       st7735.o
    0x200000ad        -       0x00000001   Zero   RW          355    .bss.RowStart       st7735.o
    0x200000ae        -       0x00000005   Zero   RW           80    .bss.Scar           gameengine.o
    0x200000b3        -       0x00000005   Zero   RW           76    .bss.Simba          gameengine.o
    0x200000b8        -       0x00000004   Zero   RW          153    .bss.SongLoc        timer0.o
    0x200000bc        -       0x00000002   Zero   RW          154    .bss.SongSize       timer0.o
    0x200000be   0x0003dc04   0x00000002   PAD
    0x200000c0        -       0x00000004   Zero   RW          348    .bss.StX            st7735.o
    0x200000c4        -       0x00000004   Zero   RW          349    .bss.StY            st7735.o
    0x200000c8        -       0x00000001   Zero   RW          358    .bss.TabColor       st7735.o
    0x200000c9   0x0003dc04   0x00000003   PAD
    0x200000cc        -       0x00000004   Zero   RW          408    .bss.WaveLoc        wave.o
    0x200000d0        -       0x00000002   Zero   RW          409    .bss.WaveSize       wave.o
    0x200000d2        -       0x00000001   Zero   RW          172    .bss.delayFlag      timer1.o
    0x200000d3        -       0x00000001   Zero   RW           89    .bss.dyNew          gameengine.o
    0x200000d4        -       0x00000001   Zero   RW           90    .bss.gameStatus     gameengine.o
    0x200000d5   0x0003dc04   0x00000001   PAD
    0x200000d6        -       0x00000002   Zero   RW          152    .bss.idxSong        timer0.o
    0x200000d8        -       0x00000002   Zero   RW          407    .bss.idxWav         wave.o
    0x200000da        -       0x00000001   Zero   RW           75    .bss.language       gameengine.o
    0x200000db        -       0x00000001   Zero   RW           86    .bss.lxNew          gameengine.o
    0x200000dc        -       0x00000001   Zero   RW           85    .bss.orient         gameengine.o
    0x200000dd        -       0x00000001   Zero   RW           87    .bss.rxNew          gameengine.o
    0x200000de        -       0x00000001   Zero   RW           88    .bss.uyNew          gameengine.o
    0x200000df   0x0003dc04   0x00000001   PAD
    0x200000e0        -       0x00000000   Zero   RW          121    HEAP                startup.o
    0x200000e0        -       0x00001000   Zero   RW          120    STACK               startup.o


==============================================================================

Image component sizes


      Code (inc. data)   RO Data    RW Data    ZI Data      Debug   Object Name

        72          2          0          0          0        300   busywait.o
        76          0          0          0          0        655   buttons.o
       114          0          0          0          0        763   dac.o
      9256          4     167459          0         60       7306   gameengine.o
       340          0          0          0          0        821   leftjoystick.o
       138          0          0          0          0        572   pll.o
        74          0          0          0          0        620   portinits.o
        60         14          0          4          0        224   random.o
        88          0          0          0          0       1138   savesimba.o
      3248          4       1403          6         24      13205   st7735.o
       692        632          0          0       4096        956   startup.o
       428          0          0          0          0        412   stringconversion.o
      1190          0          0          0          4       2839   texas.o
       366          0      32342          0          8       1738   timer0.o
       288          0          0          0          1       1268   timer1.o
       412          0      34506          0          8       1973   wave.o

    ----------------------------------------------------------------------
     16894        656     235746         12       4208      34790   Object Totals
         0          0         32          0          0          0   (incl. Generated)
        52          0          4          2          7          0   (incl. Padding)

    ----------------------------------------------------------------------

      Code (inc. data)   RO Data    RW Data    ZI Data      Debug   Library Member Name

         8          0          0          0          0         68   __main.o
         0          0          0          0          0          0   __rtentry.o
        12          0          0          0          0          0   __rtentry2.o
         6          0          0          0          0          0   __rtentry4.o
        52          8          0          0          0          0   __scatter.o
        26          0          0          0          0          0   __scatter_copy.o
        28          0          0          0          0          0   __scatter_zi.o
        18          0          0          0          0         80   exit.o
         6          0          0          0          0        152   heapauxi.o
         0          0          0          0          0          0   indicate_semi.o
         2          0          0          0          0          0   libinit.o
         2          0          0          0          0          0   libinit2.o
         2          0          0          0          0          0   libshutdown.o
         2          0          0          0          0          0   libshutdown2.o
         8          4          0          0         96         68   libspace.o
         2          0          0          0          0          0   rtexit.o
        10          0          0          0          0          0   rtexit2.o
        12          4          0          0          0         68   sys_exit.o
        74          0          0          0          0         80   sys_stackheap_outer.o
         2          0          0          0          0         68   use_no_semi.o

    ----------------------------------------------------------------------
       280         16          0          0         96        584   Library Totals
         8          0          0          0          0          0   (incl. Padding)

    ----------------------------------------------------------------------

      Code (inc. data)   RO Data    RW Data    ZI Data      Debug   Library Name

       272         16          0          0         96        584   c_w.l

    ----------------------------------------------------------------------
       280         16          0          0         96        584   Library Totals

    ----------------------------------------------------------------------

==============================================================================


      Code (inc. data)   RO Data    RW Data    ZI Data      Debug   

     17174        672     235746         12       4304      35046   Grand Totals
     17174        672     235746         12       4304      35046   ELF Image Totals
     17174        672     235746         12          0          0   ROM Totals

==============================================================================

    Total RO  Size (Code + RO Data)               252920 ( 246.99kB)
    Total RW  Size (RW Data + ZI Data)              4316 (   4.21kB)
    Total ROM Size (Code + RO Data + RW Data)     252932 ( 247.00kB)

==============================================================================

